Archive member included to satisfy reference by file (symbol)

libFreeRTOS.a(tasks.c.obj)    CMakeFiles/FreeRTOS_Blink.dir/src/main2.c.obj (xTaskCreate)
libFreeRTOS.a(timers.c.obj)   libFreeRTOS.a(tasks.c.obj) (xTimerCreateTimerTask)
libFreeRTOS.a(port.c.obj)     libFreeRTOS.a(tasks.c.obj) (pxPortInitialiseStack)
libFreeRTOS.a(heap_4.c.obj)   libFreeRTOS.a(tasks.c.obj) (pvPortMalloc)
libFreeRTOS.a(list.c.obj)     libFreeRTOS.a(tasks.c.obj) (vListInitialise)
libFreeRTOS.a(queue.c.obj)    libFreeRTOS.a(timers.c.obj) (xQueueGenericCreate)
c:/vsarm/armcc/102021~1.10/bin/../lib/gcc/arm-none-eabi/10.3.1/thumb/v6-m/nofp\libgcc.a(_dvmd_tls.o)
                              CMakeFiles/FreeRTOS_Blink.dir/C_/VSARM/sdk/pico/pico-sdk/src/rp2_common/pico_divider/divider_hardware.S.obj (__aeabi_idiv0)
c:/vsarm/armcc/102021~1.10/bin/../lib/gcc/arm-none-eabi/10.3.1/../../../../arm-none-eabi/lib/thumb/v6-m/nofp\libg.a(lib_a-calloc.o)
                              CMakeFiles/FreeRTOS_Blink.dir/C_/VSARM/sdk/pico/pico-sdk/src/rp2_common/pico_malloc/malloc.c.obj (calloc)
c:/vsarm/armcc/102021~1.10/bin/../lib/gcc/arm-none-eabi/10.3.1/../../../../arm-none-eabi/lib/thumb/v6-m/nofp\libg.a(lib_a-callocr.o)
                              c:/vsarm/armcc/102021~1.10/bin/../lib/gcc/arm-none-eabi/10.3.1/../../../../arm-none-eabi/lib/thumb/v6-m/nofp\libg.a(lib_a-calloc.o) (_calloc_r)
c:/vsarm/armcc/102021~1.10/bin/../lib/gcc/arm-none-eabi/10.3.1/../../../../arm-none-eabi/lib/thumb/v6-m/nofp\libg.a(lib_a-ctype_.o)
                              CMakeFiles/FreeRTOS_Blink.dir/C_/VSARM/sdk/pico/pico-sdk/lib/tinyusb/src/tusb.c.obj (_ctype_)
c:/vsarm/armcc/102021~1.10/bin/../lib/gcc/arm-none-eabi/10.3.1/../../../../arm-none-eabi/lib/thumb/v6-m/nofp\libg.a(lib_a-errno.o)
                              c:/vsarm/armcc/102021~1.10/bin/../lib/gcc/arm-none-eabi/10.3.1/../../../../arm-none-eabi/lib/thumb/v6-m/nofp\libg.a(lib_a-callocr.o) (__errno)
c:/vsarm/armcc/102021~1.10/bin/../lib/gcc/arm-none-eabi/10.3.1/../../../../arm-none-eabi/lib/thumb/v6-m/nofp\libg.a(lib_a-impure.o)
                              c:/vsarm/armcc/102021~1.10/bin/../lib/gcc/arm-none-eabi/10.3.1/../../../../arm-none-eabi/lib/thumb/v6-m/nofp\libg.a(lib_a-calloc.o) (_impure_ptr)
c:/vsarm/armcc/102021~1.10/bin/../lib/gcc/arm-none-eabi/10.3.1/../../../../arm-none-eabi/lib/thumb/v6-m/nofp\libg.a(lib_a-init.o)
                              c:/vsarm/armcc/102021~1.10/bin/../lib/gcc/arm-none-eabi/10.3.1/../../../../arm-none-eabi/lib/thumb/v6-m/nofp/crt0.o (__libc_init_array)
c:/vsarm/armcc/102021~1.10/bin/../lib/gcc/arm-none-eabi/10.3.1/../../../../arm-none-eabi/lib/thumb/v6-m/nofp\libg.a(lib_a-lcltime_r.o)
                              CMakeFiles/FreeRTOS_Blink.dir/C_/VSARM/sdk/pico/pico-sdk/src/common/pico_util/datetime.c.obj (localtime_r)
c:/vsarm/armcc/102021~1.10/bin/../lib/gcc/arm-none-eabi/10.3.1/../../../../arm-none-eabi/lib/thumb/v6-m/nofp\libg.a(lib_a-malloc.o)
                              CMakeFiles/FreeRTOS_Blink.dir/C_/VSARM/sdk/pico/pico-sdk/src/rp2_common/pico_malloc/malloc.c.obj (malloc)
c:/vsarm/armcc/102021~1.10/bin/../lib/gcc/arm-none-eabi/10.3.1/../../../../arm-none-eabi/lib/thumb/v6-m/nofp\libg.a(lib_a-mallocr.o)
                              c:/vsarm/armcc/102021~1.10/bin/../lib/gcc/arm-none-eabi/10.3.1/../../../../arm-none-eabi/lib/thumb/v6-m/nofp\libg.a(lib_a-callocr.o) (_malloc_r)
c:/vsarm/armcc/102021~1.10/bin/../lib/gcc/arm-none-eabi/10.3.1/../../../../arm-none-eabi/lib/thumb/v6-m/nofp\libg.a(lib_a-memcmp.o)
                              CMakeFiles/FreeRTOS_Blink.dir/C_/VSARM/sdk/pico/pico-sdk/src/rp2_common/pico_atomic/atomic.c.obj (memcmp)
c:/vsarm/armcc/102021~1.10/bin/../lib/gcc/arm-none-eabi/10.3.1/../../../../arm-none-eabi/lib/thumb/v6-m/nofp\libg.a(lib_a-mktime.o)
                              CMakeFiles/FreeRTOS_Blink.dir/C_/VSARM/sdk/pico/pico-sdk/src/common/pico_util/datetime.c.obj (mktime)
c:/vsarm/armcc/102021~1.10/bin/../lib/gcc/arm-none-eabi/10.3.1/../../../../arm-none-eabi/lib/thumb/v6-m/nofp\libg.a(lib_a-mlock.o)
                              c:/vsarm/armcc/102021~1.10/bin/../lib/gcc/arm-none-eabi/10.3.1/../../../../arm-none-eabi/lib/thumb/v6-m/nofp\libg.a(lib_a-mallocr.o) (__malloc_lock)
c:/vsarm/armcc/102021~1.10/bin/../lib/gcc/arm-none-eabi/10.3.1/../../../../arm-none-eabi/lib/thumb/v6-m/nofp\libg.a(lib_a-month_lengths.o)
                              c:/vsarm/armcc/102021~1.10/bin/../lib/gcc/arm-none-eabi/10.3.1/../../../../arm-none-eabi/lib/thumb/v6-m/nofp\libg.a(lib_a-lcltime_r.o) (__month_lengths)
c:/vsarm/armcc/102021~1.10/bin/../lib/gcc/arm-none-eabi/10.3.1/../../../../arm-none-eabi/lib/thumb/v6-m/nofp\libg.a(lib_a-realloc.o)
                              CMakeFiles/FreeRTOS_Blink.dir/C_/VSARM/sdk/pico/pico-sdk/src/rp2_common/pico_malloc/malloc.c.obj (realloc)
c:/vsarm/armcc/102021~1.10/bin/../lib/gcc/arm-none-eabi/10.3.1/../../../../arm-none-eabi/lib/thumb/v6-m/nofp\libg.a(lib_a-reallocr.o)
[...]
Memory Configuration

Name             Origin             Length             Attributes
FLASH            0x10000000         0x00200000         xr
RAM              0x20000000         0x00040000         xrw
SCRATCH_X        0x20040000         0x00001000         xrw
SCRATCH_Y        0x20041000         0x00001000         xrw
*default*        0x00000000         0xffffffff

Linker script and memory map

LOAD c:/vsarm/armcc/102021~1.10/bin/../lib/gcc/arm-none-eabi/10.3.1/thumb/v6-m/nofp/crti.o
LOAD c:/vsarm/armcc/102021~1.10/bin/../lib/gcc/arm-none-eabi/10.3.1/thumb/v6-m/nofp/crtbegin.o
LOAD c:/vsarm/armcc/102021~1.10/bin/../lib/gcc/arm-none-eabi/10.3.1/../../../../arm-none-eabi/lib/thumb/v6-m/nofp/crt0.o

.flash_begin    0x10000000        0x0
                0x10000000                __flash_binary_start = .

.boot2          0x10000000      0x100
                0x10000000                __boot2_start__ = .
 *(.boot2)
 .boot2         0x10000000      0x100 C:\Users\X-J\AppData\Local\Temp\ccEDXccR.o
                0x10000100                __boot2_end__ = .
                0x00000001                ASSERT (((__boot2_end__ - __boot2_start__) == 0x100), ERROR: Pico second stage bootloader must be 256 bytes in size)

.text           0x10000100     0x8b9c
                0x10000100                __logical_binary_start = .
 *(.vectors)
 .vectors       0x10000100       0xd4 CMakeFiles/FreeRTOS_Blink.dir/C_/VSARM/sdk/pico/pico-sdk/src/rp2_common/pico_crt0/crt0.S.obj
                0x10000100                __vectors
                0x10000100                __VECTOR_TABLE
                0x100001c0                isr_invalid
                0x100001c0                __default_isrs_start
                0x100001c2                isr_nmi
                0x100001c4                isr_hardfault
                0x100001cc                isr_irq11
                0x100001cc                isr_irq23
                0x100001cc                isr_irq18
                0x100001cc                isr_irq5
                0x100001cc                isr_irq31
                0x100001cc                isr_irq27
                0x100001cc                isr_irq19
                0x100001cc                isr_irq0
                0x100001cc                isr_irq6
                0x100001cc                isr_irq13
                0x100001cc                isr_irq12
                0x100001cc                isr_irq22
                0x100001cc                __unhandled_user_irq
                0x100001cc                isr_irq17
                0x100001cc                isr_irq14
                0x100001cc                isr_irq28
                0x100001cc                isr_irq2
                0x100001cc                isr_irq10
                0x100001cc                isr_irq8
                0x100001cc                isr_irq24
                0x100001cc                isr_irq1
                0x100001cc                isr_irq7
                0x100001cc                isr_irq21
                0x100001cc                isr_irq20
                0x100001cc                isr_irq15
                0x100001cc                isr_irq25
                0x100001cc                isr_irq30
                0x100001cc                isr_irq4
                0x100001cc                isr_irq16
                0x100001cc                isr_irq29
                0x100001cc                isr_irq26
                0x100001cc                __default_isrs_end
                0x100001cc                isr_irq3
                0x100001cc                isr_irq9
                0x100001d2                unhandled_user_irq_num_in_r0
 *(.binary_info_header)
 .binary_info_header
                0x100001d4       0x14 CMakeFiles/FreeRTOS_Blink.dir/C_/VSARM/sdk/pico/pico-sdk/src/rp2_common/pico_crt0/crt0.S.obj
                0x100001e8                __binary_info_header_end = .
 *(.embedded_block)
                0x100001e8                __embedded_block_end = .
 *(.reset)
 .reset         0x100001e8       0x9c CMakeFiles/FreeRTOS_Blink.dir/C_/VSARM/sdk/pico/pico-sdk/src/rp2_common/pico_crt0/crt0.S.obj
                0x100001e8                _entry_point
 *(.init)
 .init          0x10000284        0x4 c:/vsarm/armcc/102021~1.10/bin/../lib/gcc/arm-none-eabi/10.3.1/thumb/v6-m/nofp/crti.o
                0x10000284                _init
 *(EXCLUDE_FILE(*libm.a: *libc.a:*lib_a-mem*.o *libgcc.a:) .text*)
 .text          0x10000288       0x48 c:/vsarm/armcc/102021~1.10/bin/../lib/gcc/arm-none-eabi/10.3.1/thumb/v6-m/nofp/crtbegin.o
 .text.temperatureTask
                0x100002d0       0x78 CMakeFiles/FreeRTOS_Blink.dir/src/main2.c.obj
                0x100002d0                temperatureTask
 .text.vibrationTask
                0x10000348       0x5c CMakeFiles/FreeRTOS_Blink.dir/src/main2.c.obj
                0x10000348                vibrationTask
 .text.soundTask
                0x100003a4       0x58 CMakeFiles/FreeRTOS_Blink.dir/src/main2.c.obj
                0x100003a4                soundTask
 .text.main     0x100003fc       0x68 CMakeFiles/FreeRTOS_Blink.dir/src/main2.c.obj
                0x100003fc                main
 .text.led_init
                0x10000464       0x14 CMakeFiles/FreeRTOS_Blink.dir/src/led_driver.c.obj
                0x10000464                led_init
 .text.led_on   0x10000478        0xc CMakeFiles/FreeRTOS_Blink.dir/src/led_driver.c.obj
                0x10000478                led_on
 .text.led_off  0x10000484        0xc CMakeFiles/FreeRTOS_Blink.dir/src/led_driver.c.obj
                0x10000484                led_off
 .text.buzzer_init
                0x10000490       0x14 CMakeFiles/FreeRTOS_Blink.dir/src/buzzer_driver.c.obj
                0x10000490                buzzer_init
 .text.buzzer_on
                0x100004a4       0x18 CMakeFiles/FreeRTOS_Blink.dir/src/buzzer_driver.c.obj
                0x100004a4                buzzer_on
 .text.buzzer_off
                0x100004bc        0xc CMakeFiles/FreeRTOS_Blink.dir/src/buzzer_driver.c.obj
                0x100004bc                buzzer_off
 .text.dc_motor_init
                0x100004c8       0x48 CMakeFiles/FreeRTOS_Blink.dir/src/dc_motor_driver.c.obj
                0x100004c8                dc_motor_init
 .text.dc_motor_control
                0x10000510       0x3c CMakeFiles/FreeRTOS_Blink.dir/src/dc_motor_driver.c.obj
                0x10000510                dc_motor_control
 .text.temperature_sensor_init
                0x1000054c       0x40 CMakeFiles/FreeRTOS_Blink.dir/src/temperature_sensor.c.obj
                0x1000054c                temperature_sensor_init
 .text.temperature_sensor_read
                0x1000058c       0x44 CMakeFiles/FreeRTOS_Blink.dir/src/temperature_sensor.c.obj
                0x1000058c                temperature_sensor_read
 .text.vibration_sensor_init
                0x100005d0       0x38 CMakeFiles/FreeRTOS_Blink.dir/src/vibration_sensor.c.obj
                0x100005d0                vibration_sensor_init
 .text.vibration_read
                0x10000608       0x20 CMakeFiles/FreeRTOS_Blink.dir/src/vibration_sensor.c.obj
                0x10000608                vibration_read
 .text.sound_sensor_init
                0x10000628       0x40 CMakeFiles/FreeRTOS_Blink.dir/src/sound_sensor.c.obj
                0x10000628                sound_sensor_init
 .text.sound_sensor_read
                0x10000668       0x20 CMakeFiles/FreeRTOS_Blink.dir/src/sound_sensor.c.obj
                0x10000668                sound_sensor_read
 .text.gpio_set_function
                0x10000688       0x34 CMakeFiles/FreeRTOS_Blink.dir/C_/VSARM/sdk/pico/pico-sdk/src/rp2_common/hardware_gpio/gpio.c.obj
                0x10000688                gpio_set_function
 .text.gpio_set_pulls
                0x100006bc       0x38 CMakeFiles/FreeRTOS_Blink.dir/C_/VSARM/sdk/pico/pico-sdk/src/rp2_common/hardware_gpio/gpio.c.obj
                0x100006bc                gpio_set_pulls
 .text.gpio_set_input_enabled
                0x100006f4       0x28 CMakeFiles/FreeRTOS_Blink.dir/C_/VSARM/sdk/pico/pico-sdk/src/rp2_common/hardware_gpio/gpio.c.obj
                0x100006f4                gpio_set_input_enabled
 .text.gpio_init
                0x1000071c       0x16 CMakeFiles/FreeRTOS_Blink.dir/C_/VSARM/sdk/pico/pico-sdk/src/rp2_common/hardware_gpio/gpio.c.obj
                0x1000071c                gpio_init
 *fill*         0x10000732        0x2 
 .text.rp2040_chip_version
                0x10000734       0x4c CMakeFiles/FreeRTOS_Blink.dir/C_/VSARM/sdk/pico/pico-sdk/src/rp2040/pico_platform/platform.c.obj
                0x10000734                rp2040_chip_version
 .text.panic    0x10000780       0x30 CMakeFiles/FreeRTOS_Blink.dir/C_/VSARM/sdk/pico/pico-sdk/src/rp2_common/pico_platform_panic/panic.c.obj
                0x10000780                panic
 .text.hw_claim_lock
                0x100007b0       0x18 CMakeFiles/FreeRTOS_Blink.dir/C_/VSARM/sdk/pico/pico-sdk/src/common/hardware_claim/claim.c.obj
                0x100007b0                hw_claim_lock
 .text.hw_claim_unlock
                0x100007c8       0x14 CMakeFiles/FreeRTOS_Blink.dir/C_/VSARM/sdk/pico/pico-sdk/src/common/hardware_claim/claim.c.obj
                0x100007c8                hw_claim_unlock
 .text.hw_claim_or_assert
                0x100007dc       0x32 CMakeFiles/FreeRTOS_Blink.dir/C_/VSARM/sdk/pico/pico-sdk/src/common/hardware_claim/claim.c.obj
                0x100007dc                hw_claim_or_assert
 .text.hw_claim_unused_from_range
                0x1000080e       0x50 CMakeFiles/FreeRTOS_Blink.dir/C_/VSARM/sdk/pico/pico-sdk/src/common/hardware_claim/claim.c.obj
                0x1000080e                hw_claim_unused_from_range
 *fill*         0x1000085e        0x2 
 .text.next_striped_spin_lock_num
                0x10000860       0x1c CMakeFiles/FreeRTOS_Blink.dir/C_/VSARM/sdk/pico/pico-sdk/src/rp2_common/hardware_sync/sync.c.obj
                0x10000860                next_striped_spin_lock_num
 .text.spin_lock_claim_unused
                0x1000087c       0x20 CMakeFiles/FreeRTOS_Blink.dir/C_/VSARM/sdk/pico/pico-sdk/src/rp2_common/hardware_sync/sync.c.obj
                0x1000087c                spin_lock_claim_unused
 .text.spin_locks_reset
                0x1000089c       0x20 CMakeFiles/FreeRTOS_Blink.dir/C_/VSARM/sdk/pico/pico-sdk/src/rp2_common/hardware_sync_spin_lock/sync_spin_lock.c.obj
                0x1000089c                spin_locks_reset
 .text.set_raw_irq_handler_and_unlock
                0x100008bc       0x28 CMakeFiles/FreeRTOS_Blink.dir/C_/VSARM/sdk/pico/pico-sdk/src/rp2_common/hardware_irq/irq.c.obj
 .text.nvic_ipr0
                0x100008e4        0x8 CMakeFiles/FreeRTOS_Blink.dir/C_/VSARM/sdk/pico/pico-sdk/src/rp2_common/hardware_irq/irq.c.obj
 .text.runtime_init_per_core_irq_priorities
                0x100008ec       0x1c CMakeFiles/FreeRTOS_Blink.dir/C_/VSARM/sdk/pico/pico-sdk/src/rp2_common/hardware_irq/irq.c.obj
                0x100008ec                runtime_init_per_core_irq_priorities
 .text.make_j_16
                0x10000908       0x4c CMakeFiles/FreeRTOS_Blink.dir/C_/VSARM/sdk/pico/pico-sdk/src/rp2_common/hardware_irq/irq.c.obj
 .text.irq_is_enabled
                0x10000954       0x18 CMakeFiles/FreeRTOS_Blink.dir/C_/VSARM/sdk/pico/pico-sdk/src/rp2_common/hardware_irq/irq.c.obj
                0x10000954                irq_is_enabled
 .text.irq_set_mask_n_enabled
                0x1000096c       0x1c CMakeFiles/FreeRTOS_Blink.dir/C_/VSARM/sdk/pico/pico-sdk/src/rp2_common/hardware_irq/irq.c.obj
                0x1000096c                irq_set_mask_n_enabled
 .text.irq_set_enabled
                0x10000988       0x14 CMakeFiles/FreeRTOS_Blink.dir/C_/VSARM/sdk/pico/pico-sdk/src/rp2_common/hardware_irq/irq.c.obj
                0x10000988                irq_set_enabled
 .text.irq_set_pending
                0x1000099c       0x10 CMakeFiles/FreeRTOS_Blink.dir/C_/VSARM/sdk/pico/pico-sdk/src/rp2_common/hardware_irq/irq.c.obj
                0x1000099c                irq_set_pending
 .text.irq_get_vtable_handler
                0x100009ac       0x10 CMakeFiles/FreeRTOS_Blink.dir/C_/VSARM/sdk/pico/pico-sdk/src/rp2_common/hardware_irq/irq.c.obj
                0x100009ac                irq_get_vtable_handler
 .text.irq_has_shared_handler
                0x100009bc       0x24 CMakeFiles/FreeRTOS_Blink.dir/C_/VSARM/sdk/pico/pico-sdk/src/rp2_common/hardware_irq/irq.c.obj
                0x100009bc                irq_has_shared_handler
 .text.irq_set_exclusive_handler
                0x100009e0       0x54 CMakeFiles/FreeRTOS_Blink.dir/C_/VSARM/sdk/pico/pico-sdk/src/rp2_common/hardware_irq/irq.c.obj
                0x100009e0                irq_set_exclusive_handler
 .text.irq_add_shared_handler
                0x10000a34      0x238 CMakeFiles/FreeRTOS_Blink.dir/C_/VSARM/sdk/pico/pico-sdk/src/rp2_common/hardware_irq/irq.c.obj
                0x10000a34                irq_add_shared_handler
 .text.irq_add_tail_to_free_list
                0x10000c6c       0xf4 CMakeFiles/FreeRTOS_Blink.dir/C_/VSARM/sdk/pico/pico-sdk/src/rp2_common/hardware_irq/irq.c.obj
                0x10000c6c                irq_add_tail_to_free_list
 .text.user_irq_claim_unused
                0x10000d60       0x28 CMakeFiles/FreeRTOS_Blink.dir/C_/VSARM/sdk/pico/pico-sdk/src/rp2_common/hardware_irq/irq.c.obj
                0x10000d60                user_irq_claim_unused
 .text.lock_init
                0x10000d88       0x10 CMakeFiles/FreeRTOS_Blink.dir/C_/VSARM/sdk/pico/pico-sdk/src/common/pico_sync/lock_core.c.obj
                0x10000d88                lock_init
 .text.mutex_init
                0x10000d98       0x1a CMakeFiles/FreeRTOS_Blink.dir/C_/VSARM/sdk/pico/pico-sdk/src/common/pico_sync/mutex.c.obj
                0x10000d98                mutex_init
 .text.recursive_mutex_init
                0x10000db2       0x1e CMakeFiles/FreeRTOS_Blink.dir/C_/VSARM/sdk/pico/pico-sdk/src/common/pico_sync/mutex.c.obj
                0x10000db2                recursive_mutex_init
 .text.runtime_init_mutex
                0x10000dd0       0x4c CMakeFiles/FreeRTOS_Blink.dir/C_/VSARM/sdk/pico/pico-sdk/src/common/pico_sync/mutex.c.obj
                0x10000dd0                runtime_init_mutex
 .text.critical_section_init_with_lock_num
                0x10000e1c       0x14 CMakeFiles/FreeRTOS_Blink.dir/C_/VSARM/sdk/pico/pico-sdk/src/common/pico_sync/critical_section.c.obj
                0x10000e1c                critical_section_init_with_lock_num
 .text.critical_section_init
                0x10000e30       0x14 CMakeFiles/FreeRTOS_Blink.dir/C_/VSARM/sdk/pico/pico-sdk/src/common/pico_sync/critical_section.c.obj
                0x10000e30                critical_section_init
 .text.make_alarm_id
                0x10000e44        0x6 CMakeFiles/FreeRTOS_Blink.dir/C_/VSARM/sdk/pico/pico-sdk/src/common/pico_time/time.c.obj
 *fill*         0x10000e4a        0x2 
 .text.sleep_until_callback
                0x10000e4c       0x30 CMakeFiles/FreeRTOS_Blink.dir/C_/VSARM/sdk/pico/pico-sdk/src/common/pico_time/time.c.obj
 .text.alarm_pool_irq_handler
                0x10000e7c      0x2e4 CMakeFiles/FreeRTOS_Blink.dir/C_/VSARM/sdk/pico/pico-sdk/src/common/pico_time/time.c.obj
 .text.alarm_pool_post_alloc_init
                0x10001160       0x94 CMakeFiles/FreeRTOS_Blink.dir/C_/VSARM/sdk/pico/pico-sdk/src/common/pico_time/time.c.obj
 .text.alarm_pool_get_default
                0x100011f4       0x2c CMakeFiles/FreeRTOS_Blink.dir/C_/VSARM/sdk/pico/pico-sdk/src/common/pico_time/time.c.obj
                0x100011f4                alarm_pool_get_default
 .text.alarm_pool_add_alarm_at_force_in_context
                0x10001220       0xb0 CMakeFiles/FreeRTOS_Blink.dir/C_/VSARM/sdk/pico/pico-sdk/src/common/pico_time/time.c.obj
                0x10001220                alarm_pool_add_alarm_at_force_in_context
 .text.alarm_pool_add_alarm_at
                0x100012d0       0x3c CMakeFiles/FreeRTOS_Blink.dir/C_/VSARM/sdk/pico/pico-sdk/src/common/pico_time/time.c.obj
                0x100012d0                alarm_pool_add_alarm_at
 .text.alarm_pool_cancel_alarm
                0x1000130c       0x78 CMakeFiles/FreeRTOS_Blink.dir/C_/VSARM/sdk/pico/pico-sdk/src/common/pico_time/time.c.obj
                0x1000130c                alarm_pool_cancel_alarm
 .text.alarm_pool_core_num
                0x10001384        0x4 CMakeFiles/FreeRTOS_Blink.dir/C_/VSARM/sdk/pico/pico-sdk/src/common/pico_time/time.c.obj
                0x10001384                alarm_pool_core_num
 .text.sleep_until
                0x10001388       0xc8 CMakeFiles/FreeRTOS_Blink.dir/C_/VSARM/sdk/pico/pico-sdk/src/common/pico_time/time.c.obj
                0x10001388                sleep_until
 .text.sleep_us
                0x10001450       0x24 CMakeFiles/FreeRTOS_Blink.dir/C_/VSARM/sdk/pico/pico-sdk/src/common/pico_time/time.c.obj
                0x10001450                sleep_us
 .text.sleep_ms
                0x10001474       0x14 CMakeFiles/FreeRTOS_Blink.dir/C_/VSARM/sdk/pico/pico-sdk/src/common/pico_time/time.c.obj
                0x10001474                sleep_ms
 .text.best_effort_wfe_or_timeout
                0x10001488       0xd8 CMakeFiles/FreeRTOS_Blink.dir/C_/VSARM/sdk/pico/pico-sdk/src/common/pico_time/time.c.obj
                0x10001488                best_effort_wfe_or_timeout
 .text.alarm_pool_get_default_timer
                0x10001560        0x8 CMakeFiles/FreeRTOS_Blink.dir/C_/VSARM/sdk/pico/pico-sdk/src/common/pico_time/time.c.obj
                0x10001560                alarm_pool_get_default_timer
 .text.runtime_init_default_alarm_pool
                0x10001568       0x38 CMakeFiles/FreeRTOS_Blink.dir/C_/VSARM/sdk/pico/pico-sdk/src/common/pico_time/time.c.obj
                0x10001568                runtime_init_default_alarm_pool
 .text.timer_hardware_alarm_claim
                0x100015a0       0x14 CMakeFiles/FreeRTOS_Blink.dir/C_/VSARM/sdk/pico/pico-sdk/src/rp2_common/hardware_timer/timer.c.obj
                0x100015a0                timer_hardware_alarm_claim
 .text.timer_time_us_64
                0x100015b4       0x10 CMakeFiles/FreeRTOS_Blink.dir/C_/VSARM/sdk/pico/pico-sdk/src/rp2_common/hardware_timer/timer.c.obj
                0x100015b4                timer_time_us_64
 .text.timer_busy_wait_until
                0x100015c4       0x1a CMakeFiles/FreeRTOS_Blink.dir/C_/VSARM/sdk/pico/pico-sdk/src/rp2_common/hardware_timer/timer.c.obj
                0x100015c4                timer_busy_wait_until
 *fill*         0x100015de        0x2 
 .text.time_us_64
                0x100015e0       0x10 CMakeFiles/FreeRTOS_Blink.dir/C_/VSARM/sdk/pico/pico-sdk/src/rp2_common/hardware_timer/timer.c.obj
                0x100015e0                time_us_64
 .text.busy_wait_until
                0x100015f0       0x14 CMakeFiles/FreeRTOS_Blink.dir/C_/VSARM/sdk/pico/pico-sdk/src/rp2_common/hardware_timer/timer.c.obj
                0x100015f0                busy_wait_until
 .text.clock_configure_internal
                0x10001604       0xc4 CMakeFiles/FreeRTOS_Blink.dir/C_/VSARM/sdk/pico/pico-sdk/src/rp2_common/hardware_clocks/clocks.c.obj
 .text.clock_configure_int_divider
                0x100016c8       0x28 CMakeFiles/FreeRTOS_Blink.dir/C_/VSARM/sdk/pico/pico-sdk/src/rp2_common/hardware_clocks/clocks.c.obj
                0x100016c8                clock_configure_int_divider
 .text.clock_configure_undivided
                0x100016f0       0x12 CMakeFiles/FreeRTOS_Blink.dir/C_/VSARM/sdk/pico/pico-sdk/src/rp2_common/hardware_clocks/clocks.c.obj
                0x100016f0                clock_configure_undivided
 *fill*         0x10001702        0x2 
 .text.clock_get_hz
                0x10001704        0xc CMakeFiles/FreeRTOS_Blink.dir/C_/VSARM/sdk/pico/pico-sdk/src/rp2_common/hardware_clocks/clocks.c.obj
                0x10001704                clock_get_hz
 .text.pll_init
                0x10001710      0x120 CMakeFiles/FreeRTOS_Blink.dir/C_/VSARM/sdk/pico/pico-sdk/src/rp2_common/hardware_pll/pll.c.obj
                0x10001710                pll_init
 .text.watchdog_update
                0x10001830       0x14 CMakeFiles/FreeRTOS_Blink.dir/C_/VSARM/sdk/pico/pico-sdk/src/rp2_common/hardware_watchdog/watchdog.c.obj
                0x10001830                watchdog_update
 .text._watchdog_enable
                0x10001844       0x7c CMakeFiles/FreeRTOS_Blink.dir/C_/VSARM/sdk/pico/pico-sdk/src/rp2_common/hardware_watchdog/watchdog.c.obj
                0x10001844                _watchdog_enable
 .text.watchdog_reboot
                0x100018c0       0x48 CMakeFiles/FreeRTOS_Blink.dir/C_/VSARM/sdk/pico/pico-sdk/src/rp2_common/hardware_watchdog/watchdog.c.obj
                0x100018c0                watchdog_reboot
 .text.tick_start
                0x10001908       0x10 CMakeFiles/FreeRTOS_Blink.dir/C_/VSARM/sdk/pico/pico-sdk/src/rp2_common/hardware_ticks/ticks.c.obj
                0x10001908                tick_start
 .text.xosc_init
                0x10001918       0x28 CMakeFiles/FreeRTOS_Blink.dir/C_/VSARM/sdk/pico/pico-sdk/src/rp2_common/hardware_xosc/xosc.c.obj
                0x10001918                xosc_init
 .text.runtime_run_initializers_from
                0x10001940       0x18 CMakeFiles/FreeRTOS_Blink.dir/C_/VSARM/sdk/pico/pico-sdk/src/rp2_common/pico_runtime/runtime.c.obj
 .text.first_per_core_initializer
                0x10001958        0x2 CMakeFiles/FreeRTOS_Blink.dir/C_/VSARM/sdk/pico/pico-sdk/src/rp2_common/pico_runtime/runtime.c.obj
 *fill*         0x1000195a        0x2 
 .text.runtime_run_initializers
                0x1000195c       0x10 CMakeFiles/FreeRTOS_Blink.dir/C_/VSARM/sdk/pico/pico-sdk/src/rp2_common/pico_runtime/runtime.c.obj
                0x1000195c                runtime_run_initializers
 .text.runtime_init_early_resets
                0x1000196c       0x2c CMakeFiles/FreeRTOS_Blink.dir/C_/VSARM/sdk/pico/pico-sdk/src/rp2_common/pico_runtime_init/runtime_init.c.obj
                0x1000196c                runtime_init_early_resets
 .text.runtime_init_usb_power_down
                0x10001998       0x1c CMakeFiles/FreeRTOS_Blink.dir/C_/VSARM/sdk/pico/pico-sdk/src/rp2_common/pico_runtime_init/runtime_init.c.obj
                0x10001998                runtime_init_usb_power_down
 .text.runtime_init_post_clock_resets
                0x100019b4       0x20 CMakeFiles/FreeRTOS_Blink.dir/C_/VSARM/sdk/pico/pico-sdk/src/rp2_common/pico_runtime_init/runtime_init.c.obj
                0x100019b4                runtime_init_post_clock_resets
 .text.runtime_init_rp2040_gpio_ie_disable
                0x100019d4       0x14 CMakeFiles/FreeRTOS_Blink.dir/C_/VSARM/sdk/pico/pico-sdk/src/rp2_common/pico_runtime_init/runtime_init.c.obj
                0x100019d4                runtime_init_rp2040_gpio_ie_disable
 .text.runtime_init_spin_locks_reset
                0x100019e8        0x8 CMakeFiles/FreeRTOS_Blink.dir/C_/VSARM/sdk/pico/pico-sdk/src/rp2_common/pico_runtime_init/runtime_init.c.obj
                0x100019e8                runtime_init_spin_locks_reset
 .text.runtime_init_install_ram_vector_table
                0x100019f0       0x1c CMakeFiles/FreeRTOS_Blink.dir/C_/VSARM/sdk/pico/pico-sdk/src/rp2_common/pico_runtime_init/runtime_init.c.obj
                0x100019f0                runtime_init_install_ram_vector_table
 .text.start_all_ticks
                0x10001a0c       0x28 CMakeFiles/FreeRTOS_Blink.dir/C_/VSARM/sdk/pico/pico-sdk/src/rp2_common/pico_runtime_init/runtime_init_clocks.c.obj
 .text.runtime_init_clocks
                0x10001a34       0xcc CMakeFiles/FreeRTOS_Blink.dir/C_/VSARM/sdk/pico/pico-sdk/src/rp2_common/pico_runtime_init/runtime_init_clocks.c.obj
                0x10001a34                runtime_init_clocks
 .text          0x10001b00       0x10 CMakeFiles/FreeRTOS_Blink.dir/C_/VSARM/sdk/pico/pico-sdk/src/rp2_common/pico_bit_ops/bit_ops_aeabi.S.obj
 .text.rom_func_lookup
                0x10001b10       0x10 CMakeFiles/FreeRTOS_Blink.dir/C_/VSARM/sdk/pico/pico-sdk/src/rp2_common/pico_bootrom/bootrom.c.obj
                0x10001b10                rom_func_lookup
 .text.rom_data_lookup
                0x10001b20       0x10 CMakeFiles/FreeRTOS_Blink.dir/C_/VSARM/sdk/pico/pico-sdk/src/rp2_common/pico_bootrom/bootrom.c.obj
                0x10001b20                rom_data_lookup
 .text.rom_funcs_lookup
                0x10001b30       0x36 CMakeFiles/FreeRTOS_Blink.dir/C_/VSARM/sdk/pico/pico-sdk/src/rp2_common/pico_bootrom/bootrom.c.obj
                0x10001b30                rom_funcs_lookup
 *fill*         0x10001b66        0x2 
 .text.rom_reset_usb_boot
                0x10001b68       0x18 CMakeFiles/FreeRTOS_Blink.dir/C_/VSARM/sdk/pico/pico-sdk/src/rp2_common/pico_bootrom/bootrom.c.obj
                0x10001b68                rom_reset_usb_boot
 .text.__wrap___aeabi_idiv
                0x10001b80       0x50 CMakeFiles/FreeRTOS_Blink.dir/C_/VSARM/sdk/pico/pico-sdk/src/rp2_common/pico_divider/divider_hardware.S.obj
                0x10001b80                __wrap___aeabi_idivmod
                0x10001b80                divmod_s32s32
                0x10001b80                div_s32s32
                0x10001b80                __wrap___aeabi_idiv
                0x10001b88                divmod_s32s32_unsafe
                0x10001bb4                divmod_s32s32_savestate
 .text.__wrap___aeabi_uidiv
                0x10001bd0       0x4c CMakeFiles/FreeRTOS_Blink.dir/C_/VSARM/sdk/pico/pico-sdk/src/rp2_common/pico_divider/divider_hardware.S.obj
                0x10001bd0                __wrap___aeabi_uidiv
                0x10001bd0                __wrap___aeabi_uidivmod
                0x10001bd0                div_u32u32
                0x10001bd0                divmod_u32u32
                0x10001bd8                divmod_u32u32_unsafe
                0x10001c00                divmod_u32u32_savestate
 .text.__wrap___aeabi_ldiv
                0x10001c1c      0x424 CMakeFiles/FreeRTOS_Blink.dir/C_/VSARM/sdk/pico/pico-sdk/src/rp2_common/pico_divider/divider_hardware.S.obj
                0x10001c1c                div_s64s64
                0x10001c1c                divmod_s64s64
                0x10001c1c                __wrap___aeabi_ldivmod
                0x10001c4c                divmod_u64u64
                0x10001c4c                div_u64u64
                0x10001c4c                __wrap___aeabi_uldivmod
                0x10001c5c                divmod_u64u64_savestate
                0x10001c7c                divmod_s64s64_unsafe
                0x10001d04                divmod_u64u64_unsafe
 .text.__wrap___aeabi_darithmetic
                0x10002040       0x80 CMakeFiles/FreeRTOS_Blink.dir/C_/VSARM/sdk/pico/pico-sdk/src/rp2_common/pico_double/double_aeabi_rp2040.S.obj
                0x10002040                __wrap___aeabi_drsub
                0x10002046                __wrap___aeabi_dsub
                0x10002058                __wrap___aeabi_dadd
                0x1000206a                __wrap___aeabi_ddiv
                0x100020a6                __wrap___aeabi_dmul
 .text.__wrap___aeabi_cdcmple
                0x100020c0       0x6c CMakeFiles/FreeRTOS_Blink.dir/C_/VSARM/sdk/pico/pico-sdk/src/rp2_common/pico_double/double_aeabi_rp2040.S.obj
                0x100020c0                __wrap___aeabi_cdrcmple
                0x100020d0                __wrap___aeabi_cdcmpeq
                0x100020d0                __wrap___aeabi_cdcmple
 .text.__wrap___aeabi_dcmplt
                0x1000212c        0xc CMakeFiles/FreeRTOS_Blink.dir/C_/VSARM/sdk/pico/pico-sdk/src/rp2_common/pico_double/double_aeabi_rp2040.S.obj
                0x1000212c                __wrap___aeabi_dcmplt
 .text.__wrap___aeabi_dcmple
                0x10002138       0x10 CMakeFiles/FreeRTOS_Blink.dir/C_/VSARM/sdk/pico/pico-sdk/src/rp2_common/pico_double/double_aeabi_rp2040.S.obj
                0x10002138                __wrap___aeabi_dcmple
 .text.__wrap___aeabi_dcmpge
                0x10002148       0x10 CMakeFiles/FreeRTOS_Blink.dir/C_/VSARM/sdk/pico/pico-sdk/src/rp2_common/pico_double/double_aeabi_rp2040.S.obj
                0x10002148                __wrap___aeabi_dcmpge
 .text.__wrap___aeabi_dcmpgt
                0x10002158        0xa CMakeFiles/FreeRTOS_Blink.dir/C_/VSARM/sdk/pico/pico-sdk/src/rp2_common/pico_double/double_aeabi_rp2040.S.obj
                0x10002158                __wrap___aeabi_dcmpgt
 .text.__wrap___aeabi_dcmpun
                0x10002162       0x18 CMakeFiles/FreeRTOS_Blink.dir/C_/VSARM/sdk/pico/pico-sdk/src/rp2_common/pico_double/double_aeabi_rp2040.S.obj
                0x10002162                __wrap___aeabi_dcmpun
 *fill*         0x1000217a        0x2 
 .text.__wrap___aeabi_i2d
                0x1000217c       0x38 CMakeFiles/FreeRTOS_Blink.dir/C_/VSARM/sdk/pico/pico-sdk/src/rp2_common/pico_double/double_aeabi_rp2040.S.obj
                0x1000217c                __wrap___aeabi_ui2d
                0x10002184                __wrap___aeabi_i2d
 .text.__wrap___aeabi_d2iz
                0x100021b4       0x48 CMakeFiles/FreeRTOS_Blink.dir/C_/VSARM/sdk/pico/pico-sdk/src/rp2_common/pico_double/double_aeabi_rp2040.S.obj
                0x100021b4                double2int_z
                0x100021b4                __wrap___aeabi_d2iz
 .text.__wrap___aeabi_d2uiz
                0x100021fc       0x18 CMakeFiles/FreeRTOS_Blink.dir/C_/VSARM/sdk/pico/pico-sdk/src/rp2_common/pico_double/double_aeabi_rp2040.S.obj
                0x100021fc                __wrap___aeabi_d2uiz
                0x100021fc                double2uint
 .text.__wrap___aeabi_d2f
                0x10002214       0x18 CMakeFiles/FreeRTOS_Blink.dir/C_/VSARM/sdk/pico/pico-sdk/src/rp2_common/pico_double/double_aeabi_rp2040.S.obj
                0x10002214                __wrap___aeabi_d2f
 .text.__aeabi_double_init
                0x1000222c       0xc8 CMakeFiles/FreeRTOS_Blink.dir/C_/VSARM/sdk/pico/pico-sdk/src/rp2_common/pico_double/double_init_rom_rp2040.c.obj
                0x1000222c                __aeabi_double_init
 .text.double_table_shim_on_use_helper
                0x100022f4       0x34 CMakeFiles/FreeRTOS_Blink.dir/C_/VSARM/sdk/pico/pico-sdk/src/rp2_common/pico_double/double_v1_rom_shim_rp2040.S.obj
                0x100022f4                double_table_shim_on_use_helper
 .text.__wrap___aeabi_dsub
                0x10002328       0x10 CMakeFiles/FreeRTOS_Blink.dir/C_/VSARM/sdk/pico/pico-sdk/src/rp2_common/pico_double/double_v1_rom_shim_rp2040.S.obj
                0x10002328                drsub_shim
                0x1000232e                dsub_shim
 .text.dadd_shim
                0x10002338      0x15c CMakeFiles/FreeRTOS_Blink.dir/C_/VSARM/sdk/pico/pico-sdk/src/rp2_common/pico_double/double_v1_rom_shim_rp2040.S.obj
                0x10002338                dadd_shim
 .text.dmul_shim
                0x10002494      0x15c CMakeFiles/FreeRTOS_Blink.dir/C_/VSARM/sdk/pico/pico-sdk/src/rp2_common/pico_double/double_v1_rom_shim_rp2040.S.obj
                0x10002494                dmul_shim
 .text.ddiv_shim
                0x100025f0      0x1b0 CMakeFiles/FreeRTOS_Blink.dir/C_/VSARM/sdk/pico/pico-sdk/src/rp2_common/pico_double/double_v1_rom_shim_rp2040.S.obj
                0x100025f0                ddiv_shim
 .text.double2uint_shim
                0x100027a0        0xe CMakeFiles/FreeRTOS_Blink.dir/C_/VSARM/sdk/pico/pico-sdk/src/rp2_common/pico_double/double_v1_rom_shim_rp2040.S.obj
                0x100027a0                double2uint_shim
                0x100027a2                double2ufix_shim
 *fill*         0x100027ae        0x2 
 .text.double2uint64_shim
                0x100027b0       0x70 CMakeFiles/FreeRTOS_Blink.dir/C_/VSARM/sdk/pico/pico-sdk/src/rp2_common/pico_double/double_v1_rom_shim_rp2040.S.obj
                0x100027b0                double2uint64_shim
                0x100027b2                double2ufix64_shim
                0x100027d2                d2fix_a
 .text.double2float_shim
                0x10002820       0x5c CMakeFiles/FreeRTOS_Blink.dir/C_/VSARM/sdk/pico/pico-sdk/src/rp2_common/pico_double/double_v1_rom_shim_rp2040.S.obj
                0x10002820                double2float_shim
 .text.dunpacks
                0x1000287c       0x3c CMakeFiles/FreeRTOS_Blink.dir/C_/VSARM/sdk/pico/pico-sdk/src/rp2_common/pico_double/double_v1_rom_shim_rp2040.S.obj
                0x1000287c                dunpacks
 .text.__aeabi_lmul
                0x100028b8       0x32 CMakeFiles/FreeRTOS_Blink.dir/C_/VSARM/sdk/pico/pico-sdk/src/rp2_common/pico_int64_ops/pico_int64_ops_aeabi.S.obj
                0x100028b8                __wrap___aeabi_lmul
 *fill*         0x100028ea        0x2 
 .text.__wrap___aeabi_farithmetic
                0x100028ec       0x58 CMakeFiles/FreeRTOS_Blink.dir/C_/VSARM/sdk/pico/pico-sdk/src/rp2_common/pico_float/float_aeabi_rp2040.S.obj
                0x100028ec                __wrap___aeabi_frsub
                0x100028f2                __wrap___aeabi_fsub
                0x100028fc                __wrap___aeabi_fadd
                0x10002906                __wrap___aeabi_fdiv
                0x10002932                __wrap___aeabi_fmul
 .text.__wrap___aeabi_cfcmple
                0x10002944       0x50 CMakeFiles/FreeRTOS_Blink.dir/C_/VSARM/sdk/pico/pico-sdk/src/rp2_common/pico_float/float_aeabi_rp2040.S.obj
                0x10002944                __wrap___aeabi_cfrcmple
                0x10002950                __wrap___aeabi_cfcmple
                0x10002950                __wrap___aeabi_cfcmpeq
 .text.__wrap___aeabi_fcmpgt
                0x10002994        0xa CMakeFiles/FreeRTOS_Blink.dir/C_/VSARM/sdk/pico/pico-sdk/src/rp2_common/pico_float/float_aeabi_rp2040.S.obj
                0x10002994                __wrap___aeabi_fcmpgt
 *fill*         0x1000299e        0x2 
 .text.__wrap___aeabi_f2d
                0x100029a0       0x14 CMakeFiles/FreeRTOS_Blink.dir/C_/VSARM/sdk/pico/pico-sdk/src/rp2_common/pico_float/float_aeabi_rp2040.S.obj
                0x100029a0                __wrap___aeabi_f2d
 .text.__aeabi_float_init
                0x100029b4       0xfc CMakeFiles/FreeRTOS_Blink.dir/C_/VSARM/sdk/pico/pico-sdk/src/rp2_common/pico_float/float_init_rom_rp2040.c.obj
                0x100029b4                __aeabi_float_init
 .text.float_table_shim_on_use_helper
                0x10002ab0       0x34 CMakeFiles/FreeRTOS_Blink.dir/C_/VSARM/sdk/pico/pico-sdk/src/rp2_common/pico_float/float_v1_rom_shim_rp2040.S.obj
                0x10002ab0                float_table_shim_on_use_helper
 .text.float2double_shim
                0x10002ae4       0x30 CMakeFiles/FreeRTOS_Blink.dir/C_/VSARM/sdk/pico/pico-sdk/src/rp2_common/pico_float/float_v1_rom_shim_rp2040.S.obj
                0x10002ae4                float2double_shim
 .text          0x10002b14       0x10 CMakeFiles/FreeRTOS_Blink.dir/C_/VSARM/sdk/pico/pico-sdk/src/rp2_common/pico_mem_ops/mem_ops_aeabi.S.obj
                0x10002b14                __aeabi_mem_init
 .text.memset   0x10002b24        0xc CMakeFiles/FreeRTOS_Blink.dir/C_/VSARM/sdk/pico/pico-sdk/src/rp2_common/pico_mem_ops/mem_ops_aeabi.S.obj
                0x10002b24                __wrap_memset
 .text.memcpy   0x10002b30        0xc CMakeFiles/FreeRTOS_Blink.dir/C_/VSARM/sdk/pico/pico-sdk/src/rp2_common/pico_mem_ops/mem_ops_aeabi.S.obj
                0x10002b30                __wrap_memcpy
                0x10002b30                __wrap___aeabi_memcpy
 .text._out_null
                0x10002b3c        0x2 CMakeFiles/FreeRTOS_Blink.dir/C_/VSARM/sdk/pico/pico-sdk/src/rp2_common/pico_printf/printf.c.obj
 .text._out_fct
                0x10002b3e        0xe CMakeFiles/FreeRTOS_Blink.dir/C_/VSARM/sdk/pico/pico-sdk/src/rp2_common/pico_printf/printf.c.obj
 .text._atoi    0x10002b4c       0x24 CMakeFiles/FreeRTOS_Blink.dir/C_/VSARM/sdk/pico/pico-sdk/src/rp2_common/pico_printf/printf.c.obj
 .text._out_rev
                0x10002b70       0xae CMakeFiles/FreeRTOS_Blink.dir/C_/VSARM/sdk/pico/pico-sdk/src/rp2_common/pico_printf/printf.c.obj
 .text._ntoa_format
                0x10002c1e      0x112 CMakeFiles/FreeRTOS_Blink.dir/C_/VSARM/sdk/pico/pico-sdk/src/rp2_common/pico_printf/printf.c.obj
 .text._ntoa_long
                0x10002d30       0xbc CMakeFiles/FreeRTOS_Blink.dir/C_/VSARM/sdk/pico/pico-sdk/src/rp2_common/pico_printf/printf.c.obj
 .text._ntoa_long_long
                0x10002dec       0xe2 CMakeFiles/FreeRTOS_Blink.dir/C_/VSARM/sdk/pico/pico-sdk/src/rp2_common/pico_printf/printf.c.obj
 *fill*         0x10002ece        0x2 
 .text._etoa    0x10002ed0      0x414 CMakeFiles/FreeRTOS_Blink.dir/C_/VSARM/sdk/pico/pico-sdk/src/rp2_common/pico_printf/printf.c.obj
 .text._ftoa    0x100032e4      0x354 CMakeFiles/FreeRTOS_Blink.dir/C_/VSARM/sdk/pico/pico-sdk/src/rp2_common/pico_printf/printf.c.obj
 .text._vsnprintf
                0x10003638      0x624 CMakeFiles/FreeRTOS_Blink.dir/C_/VSARM/sdk/pico/pico-sdk/src/rp2_common/pico_printf/printf.c.obj
 .text.vfctprintf
                0x10003c5c       0x20 CMakeFiles/FreeRTOS_Blink.dir/C_/VSARM/sdk/pico/pico-sdk/src/rp2_common/pico_printf/printf.c.obj
                0x10003c5c                vfctprintf
 .text._exit    0x10003c7c        0x4 CMakeFiles/FreeRTOS_Blink.dir/C_/VSARM/sdk/pico/pico-sdk/src/rp2_common/pico_clib_interface/newlib_interface.c.obj
                0x10003c7c                _exit
 .text.exit     0x10003c80        0x6 CMakeFiles/FreeRTOS_Blink.dir/C_/VSARM/sdk/pico/pico-sdk/src/rp2_common/pico_clib_interface/newlib_interface.c.obj
                0x10003c80                exit
 *fill*         0x10003c86        0x2 
 .text.__assert_func
                0x10003c88       0x3c CMakeFiles/FreeRTOS_Blink.dir/C_/VSARM/sdk/pico/pico-sdk/src/rp2_common/pico_clib_interface/newlib_interface.c.obj
                0x10003c88                __assert_func
 .text.runtime_init
                0x10003cc4       0x28 CMakeFiles/FreeRTOS_Blink.dir/C_/VSARM/sdk/pico/pico-sdk/src/rp2_common/pico_clib_interface/newlib_interface.c.obj
                0x10003cc4                runtime_init
 .text.stdio_out_chars_no_crlf
                0x10003cec        0xe CMakeFiles/FreeRTOS_Blink.dir/C_/VSARM/sdk/pico/pico-sdk/src/rp2_common/pico_stdio/stdio.c.obj
 *fill*         0x10003cfa        0x2 
 .text.stdio_out_chars_crlf
                0x10003cfc       0x80 CMakeFiles/FreeRTOS_Blink.dir/C_/VSARM/sdk/pico/pico-sdk/src/rp2_common/pico_stdio/stdio.c.obj
 .text.stdio_stack_buffer_flush
                0x10003d7c       0x44 CMakeFiles/FreeRTOS_Blink.dir/C_/VSARM/sdk/pico/pico-sdk/src/rp2_common/pico_stdio/stdio.c.obj
 .text.stdio_buffered_printer
                0x10003dc0       0x20 CMakeFiles/FreeRTOS_Blink.dir/C_/VSARM/sdk/pico/pico-sdk/src/rp2_common/pico_stdio/stdio.c.obj
 .text.stdout_serialize_begin
                0x10003de0       0x30 CMakeFiles/FreeRTOS_Blink.dir/C_/VSARM/sdk/pico/pico-sdk/src/rp2_common/pico_stdio/stdio.c.obj
                0x10003de0                stdout_serialize_begin
 .text.stdout_serialize_end
                0x10003e10       0x10 CMakeFiles/FreeRTOS_Blink.dir/C_/VSARM/sdk/pico/pico-sdk/src/rp2_common/pico_stdio/stdio.c.obj
                0x10003e10                stdout_serialize_end
 .text.stdio_put_string
                0x10003e20       0x94 CMakeFiles/FreeRTOS_Blink.dir/C_/VSARM/sdk/pico/pico-sdk/src/rp2_common/pico_stdio/stdio.c.obj
                0x10003e20                stdio_put_string
 .text.stdio_set_driver_enabled
                0x10003eb4       0x2c CMakeFiles/FreeRTOS_Blink.dir/C_/VSARM/sdk/pico/pico-sdk/src/rp2_common/pico_stdio/stdio.c.obj
                0x10003eb4                stdio_set_driver_enabled
 .text.stdio_flush
                0x10003ee0       0x20 CMakeFiles/FreeRTOS_Blink.dir/C_/VSARM/sdk/pico/pico-sdk/src/rp2_common/pico_stdio/stdio.c.obj
                0x10003ee0                stdio_flush
 .text.stdio_init_all
                0x10003f00        0x8 CMakeFiles/FreeRTOS_Blink.dir/C_/VSARM/sdk/pico/pico-sdk/src/rp2_common/pico_stdio/stdio.c.obj
                0x10003f00                stdio_init_all
 .text.__wrap_puts
                0x10003f08       0x1e CMakeFiles/FreeRTOS_Blink.dir/C_/VSARM/sdk/pico/pico-sdk/src/rp2_common/pico_stdio/stdio.c.obj
                0x10003f08                stdio_puts
                0x10003f08                __wrap_puts
 *fill*         0x10003f26        0x2 
 .text.__wrap_vprintf
                0x10003f28       0x40 CMakeFiles/FreeRTOS_Blink.dir/C_/VSARM/sdk/pico/pico-sdk/src/rp2_common/pico_stdio/stdio.c.obj
                0x10003f28                stdio_vprintf
                0x10003f28                __wrap_vprintf
 .text.__wrap_printf
                0x10003f68       0x18 CMakeFiles/FreeRTOS_Blink.dir/C_/VSARM/sdk/pico/pico-sdk/src/rp2_common/pico_stdio/stdio.c.obj
                0x10003f68                __wrap_printf
                0x10003f68                stdio_printf
 .text.resetd_init
                0x10003f80        0x2 CMakeFiles/FreeRTOS_Blink.dir/C_/VSARM/sdk/pico/pico-sdk/src/rp2_common/pico_stdio_usb/reset_interface.c.obj
 *fill*         0x10003f82        0x2 
 .text.resetd_reset
                0x10003f84        0xc CMakeFiles/FreeRTOS_Blink.dir/C_/VSARM/sdk/pico/pico-sdk/src/rp2_common/pico_stdio_usb/reset_interface.c.obj
 .text.resetd_open
                0x10003f90       0x34 CMakeFiles/FreeRTOS_Blink.dir/C_/VSARM/sdk/pico/pico-sdk/src/rp2_common/pico_stdio_usb/reset_interface.c.obj
 .text.resetd_xfer_cb
                0x10003fc4        0x4 CMakeFiles/FreeRTOS_Blink.dir/C_/VSARM/sdk/pico/pico-sdk/src/rp2_common/pico_stdio_usb/reset_interface.c.obj
 .text.resetd_control_xfer_cb
                0x10003fc8       0x5c CMakeFiles/FreeRTOS_Blink.dir/C_/VSARM/sdk/pico/pico-sdk/src/rp2_common/pico_stdio_usb/reset_interface.c.obj
 .text.tud_descriptor_bos_cb
                0x10004024        0x8 CMakeFiles/FreeRTOS_Blink.dir/C_/VSARM/sdk/pico/pico-sdk/src/rp2_common/pico_stdio_usb/reset_interface.c.obj
                0x10004024                tud_descriptor_bos_cb
 .text.tud_vendor_control_xfer_cb
                0x1000402c       0x38 CMakeFiles/FreeRTOS_Blink.dir/C_/VSARM/sdk/pico/pico-sdk/src/rp2_common/pico_stdio_usb/reset_interface.c.obj
                0x1000402c                tud_vendor_control_xfer_cb
 .text.usbd_app_driver_get_cb
                0x10004064        0xc CMakeFiles/FreeRTOS_Blink.dir/C_/VSARM/sdk/pico/pico-sdk/src/rp2_common/pico_stdio_usb/reset_interface.c.obj
                0x10004064                usbd_app_driver_get_cb
 .text.tud_cdc_line_coding_cb
                0x10004070       0x28 CMakeFiles/FreeRTOS_Blink.dir/C_/VSARM/sdk/pico/pico-sdk/src/rp2_common/pico_stdio_usb/reset_interface.c.obj
                0x10004070                tud_cdc_line_coding_cb
 .text.stdio_usb_set_chars_available_callback
                0x10004098       0x14 CMakeFiles/FreeRTOS_Blink.dir/C_/VSARM/sdk/pico/pico-sdk/src/rp2_common/pico_stdio_usb/stdio_usb.c.obj
                0x10004098                stdio_usb_set_chars_available_callback
 .text.stdio_usb_out_flush
                0x100040ac       0x4c CMakeFiles/FreeRTOS_Blink.dir/C_/VSARM/sdk/pico/pico-sdk/src/rp2_common/pico_stdio_usb/stdio_usb.c.obj
 .text.usb_irq  0x100040f8       0x10 CMakeFiles/FreeRTOS_Blink.dir/C_/VSARM/sdk/pico/pico-sdk/src/rp2_common/pico_stdio_usb/stdio_usb.c.obj
 .text.low_priority_worker_irq
                0x10004108       0xd0 CMakeFiles/FreeRTOS_Blink.dir/C_/VSARM/sdk/pico/pico-sdk/src/rp2_common/pico_stdio_usb/stdio_usb.c.obj
 .text.timer_task
                0x100041d8       0x6c CMakeFiles/FreeRTOS_Blink.dir/C_/VSARM/sdk/pico/pico-sdk/src/rp2_common/pico_stdio_usb/stdio_usb.c.obj
 .text.stdio_usb_init
                0x10004244       0xfc CMakeFiles/FreeRTOS_Blink.dir/C_/VSARM/sdk/pico/pico-sdk/src/rp2_common/pico_stdio_usb/stdio_usb.c.obj
                0x10004244                stdio_usb_init
 .text.stdio_usb_connected
                0x10004340        0xa CMakeFiles/FreeRTOS_Blink.dir/C_/VSARM/sdk/pico/pico-sdk/src/rp2_common/pico_stdio_usb/stdio_usb.c.obj
                0x10004340                stdio_usb_connected
 *fill*         0x1000434a        0x2 
 .text.stdio_usb_in_chars
                0x1000434c       0x98 CMakeFiles/FreeRTOS_Blink.dir/C_/VSARM/sdk/pico/pico-sdk/src/rp2_common/pico_stdio_usb/stdio_usb.c.obj
                0x1000434c                stdio_usb_in_chars
 .text.stdio_usb_out_chars
                0x100043e4       0xe8 CMakeFiles/FreeRTOS_Blink.dir/C_/VSARM/sdk/pico/pico-sdk/src/rp2_common/pico_stdio_usb/stdio_usb.c.obj
 .text.tud_descriptor_device_cb
                0x100044cc        0x8 CMakeFiles/FreeRTOS_Blink.dir/C_/VSARM/sdk/pico/pico-sdk/src/rp2_common/pico_stdio_usb/stdio_usb_descriptors.c.obj
                0x100044cc                tud_descriptor_device_cb
 .text.tud_descriptor_configuration_cb
                0x100044d4        0x8 CMakeFiles/FreeRTOS_Blink.dir/C_/VSARM/sdk/pico/pico-sdk/src/rp2_common/pico_stdio_usb/stdio_usb_descriptors.c.obj
                0x100044d4                tud_descriptor_configuration_cb
 .text.tud_descriptor_string_cb
                0x100044dc       0x6c CMakeFiles/FreeRTOS_Blink.dir/C_/VSARM/sdk/pico/pico-sdk/src/rp2_common/pico_stdio_usb/stdio_usb_descriptors.c.obj
                0x100044dc                tud_descriptor_string_cb
 .text._retrieve_unique_id_on_boot
                0x10004548       0x10 CMakeFiles/FreeRTOS_Blink.dir/C_/VSARM/sdk/pico/pico-sdk/src/rp2_common/pico_unique_id/unique_id.c.obj
 .text.pico_get_unique_board_id_string
                0x10004558       0x60 CMakeFiles/FreeRTOS_Blink.dir/C_/VSARM/sdk/pico/pico-sdk/src/rp2_common/pico_unique_id/unique_id.c.obj
                0x10004558                pico_get_unique_board_id_string
 .text.flash_get_unique_id
                0x100045b8       0x46 CMakeFiles/FreeRTOS_Blink.dir/C_/VSARM/sdk/pico/pico-sdk/src/rp2_common/hardware_flash/flash.c.obj
                0x100045b8                flash_get_unique_id
 *fill*         0x100045fe        0x2 
 .text._hw_endpoint_alloc
                0x10004600       0x70 CMakeFiles/FreeRTOS_Blink.dir/C_/VSARM/sdk/pico/pico-sdk/lib/tinyusb/src/portable/raspberrypi/rp2040/dcd_rp2040.c.obj
 .text.hw_endpoint_init
                0x10004670       0xc4 CMakeFiles/FreeRTOS_Blink.dir/C_/VSARM/sdk/pico/pico-sdk/lib/tinyusb/src/portable/raspberrypi/rp2040/dcd_rp2040.c.obj
 .text.hw_endpoint_xfer
                0x10004734       0x20 CMakeFiles/FreeRTOS_Blink.dir/C_/VSARM/sdk/pico/pico-sdk/lib/tinyusb/src/portable/raspberrypi/rp2040/dcd_rp2040.c.obj
 .text.dcd_int_enable
                0x10004754       0x2c CMakeFiles/FreeRTOS_Blink.dir/C_/VSARM/sdk/pico/pico-sdk/lib/tinyusb/src/portable/raspberrypi/rp2040/dcd_rp2040.c.obj
                0x10004754                dcd_int_enable
 .text.dcd_set_address
                0x10004780       0x2c CMakeFiles/FreeRTOS_Blink.dir/C_/VSARM/sdk/pico/pico-sdk/lib/tinyusb/src/portable/raspberrypi/rp2040/dcd_rp2040.c.obj
                0x10004780                dcd_set_address
 .text.dcd_connect
                0x100047ac       0x10 CMakeFiles/FreeRTOS_Blink.dir/C_/VSARM/sdk/pico/pico-sdk/lib/tinyusb/src/portable/raspberrypi/rp2040/dcd_rp2040.c.obj
                0x100047ac                dcd_connect
 .text.dcd_init
                0x100047bc       0x80 CMakeFiles/FreeRTOS_Blink.dir/C_/VSARM/sdk/pico/pico-sdk/lib/tinyusb/src/portable/raspberrypi/rp2040/dcd_rp2040.c.obj
                0x100047bc                dcd_init
 .text.dcd_sof_enable
                0x1000483c       0x1c CMakeFiles/FreeRTOS_Blink.dir/C_/VSARM/sdk/pico/pico-sdk/lib/tinyusb/src/portable/raspberrypi/rp2040/dcd_rp2040.c.obj
                0x1000483c                dcd_sof_enable
 .text.dcd_edpt0_status_complete
                0x10004858       0x1c CMakeFiles/FreeRTOS_Blink.dir/C_/VSARM/sdk/pico/pico-sdk/lib/tinyusb/src/portable/raspberrypi/rp2040/dcd_rp2040.c.obj
                0x10004858                dcd_edpt0_status_complete
 .text.dcd_edpt_open
                0x10004874       0x40 CMakeFiles/FreeRTOS_Blink.dir/C_/VSARM/sdk/pico/pico-sdk/lib/tinyusb/src/portable/raspberrypi/rp2040/dcd_rp2040.c.obj
                0x10004874                dcd_edpt_open
 .text.dcd_edpt_close_all
                0x100048b4        0x8 CMakeFiles/FreeRTOS_Blink.dir/C_/VSARM/sdk/pico/pico-sdk/lib/tinyusb/src/portable/raspberrypi/rp2040/dcd_rp2040.c.obj
                0x100048b4                dcd_edpt_close_all
 .text.dcd_edpt_xfer
                0x100048bc       0x30 CMakeFiles/FreeRTOS_Blink.dir/C_/VSARM/sdk/pico/pico-sdk/lib/tinyusb/src/portable/raspberrypi/rp2040/dcd_rp2040.c.obj
                0x100048bc                dcd_edpt_xfer
 .text.dcd_edpt_stall
                0x100048ec       0x3c CMakeFiles/FreeRTOS_Blink.dir/C_/VSARM/sdk/pico/pico-sdk/lib/tinyusb/src/portable/raspberrypi/rp2040/dcd_rp2040.c.obj
                0x100048ec                dcd_edpt_stall
 .text.dcd_edpt_clear_stall
                0x10004928       0x30 CMakeFiles/FreeRTOS_Blink.dir/C_/VSARM/sdk/pico/pico-sdk/lib/tinyusb/src/portable/raspberrypi/rp2040/dcd_rp2040.c.obj
                0x10004928                dcd_edpt_clear_stall
 .text.unaligned_memcpy
                0x10004958       0x14 CMakeFiles/FreeRTOS_Blink.dir/C_/VSARM/sdk/pico/pico-sdk/lib/tinyusb/src/portable/raspberrypi/rp2040/rp2040_usb.c.obj
 .text.rp2040_usb_init
                0x1000496c       0x44 CMakeFiles/FreeRTOS_Blink.dir/C_/VSARM/sdk/pico/pico-sdk/lib/tinyusb/src/portable/raspberrypi/rp2040/rp2040_usb.c.obj
                0x1000496c                rp2040_usb_init
 .text.hw_endpoint_xfer_start
                0x100049b0       0x60 CMakeFiles/FreeRTOS_Blink.dir/C_/VSARM/sdk/pico/pico-sdk/lib/tinyusb/src/portable/raspberrypi/rp2040/rp2040_usb.c.obj
                0x100049b0                hw_endpoint_xfer_start
 .text.configuration_reset
                0x10004a10       0x84 CMakeFiles/FreeRTOS_Blink.dir/C_/VSARM/sdk/pico/pico-sdk/lib/tinyusb/src/device/usbd.c.obj
 .text.usbd_reset
                0x10004a94        0xc CMakeFiles/FreeRTOS_Blink.dir/C_/VSARM/sdk/pico/pico-sdk/lib/tinyusb/src/device/usbd.c.obj
 .text.invoke_class_control
                0x10004aa0       0x1a CMakeFiles/FreeRTOS_Blink.dir/C_/VSARM/sdk/pico/pico-sdk/lib/tinyusb/src/device/usbd.c.obj
 *fill*         0x10004aba        0x2 
 .text.process_set_config
                0x10004abc      0x19c CMakeFiles/FreeRTOS_Blink.dir/C_/VSARM/sdk/pico/pico-sdk/lib/tinyusb/src/device/usbd.c.obj
 .text.tud_event_hook_cb
                0x10004c58        0x2 CMakeFiles/FreeRTOS_Blink.dir/C_/VSARM/sdk/pico/pico-sdk/lib/tinyusb/src/device/usbd.c.obj
                0x10004c58                tud_event_hook_cb
 .text.tud_sof_cb
                0x10004c5a        0x2 CMakeFiles/FreeRTOS_Blink.dir/C_/VSARM/sdk/pico/pico-sdk/lib/tinyusb/src/device/usbd.c.obj
                0x10004c5a                tud_sof_cb
 .text.tud_descriptor_device_qualifier_cb
                0x10004c5c        0x4 CMakeFiles/FreeRTOS_Blink.dir/C_/VSARM/sdk/pico/pico-sdk/lib/tinyusb/src/device/usbd.c.obj
                0x10004c5c                tud_descriptor_device_qualifier_cb
 .text.tud_descriptor_other_speed_configuration_cb
                0x10004c60        0x4 CMakeFiles/FreeRTOS_Blink.dir/C_/VSARM/sdk/pico/pico-sdk/lib/tinyusb/src/device/usbd.c.obj
                0x10004c60                tud_descriptor_other_speed_configuration_cb
 .text.process_get_descriptor
                0x10004c64       0xe0 CMakeFiles/FreeRTOS_Blink.dir/C_/VSARM/sdk/pico/pico-sdk/lib/tinyusb/src/device/usbd.c.obj
 .text.tud_mount_cb
                0x10004d44        0x2 CMakeFiles/FreeRTOS_Blink.dir/C_/VSARM/sdk/pico/pico-sdk/lib/tinyusb/src/device/usbd.c.obj
                0x10004d44                tud_mount_cb
 .text.tud_umount_cb
                0x10004d46        0x2 CMakeFiles/FreeRTOS_Blink.dir/C_/VSARM/sdk/pico/pico-sdk/lib/tinyusb/src/device/usbd.c.obj
                0x10004d46                tud_umount_cb
 .text.tud_suspend_cb
                0x10004d48        0x2 CMakeFiles/FreeRTOS_Blink.dir/C_/VSARM/sdk/pico/pico-sdk/lib/tinyusb/src/device/usbd.c.obj
                0x10004d48                tud_suspend_cb
 .text.tud_resume_cb
                0x10004d4a        0x2 CMakeFiles/FreeRTOS_Blink.dir/C_/VSARM/sdk/pico/pico-sdk/lib/tinyusb/src/device/usbd.c.obj
                0x10004d4a                tud_resume_cb
 .text.tud_mounted
                0x10004d4c       0x10 CMakeFiles/FreeRTOS_Blink.dir/C_/VSARM/sdk/pico/pico-sdk/lib/tinyusb/src/device/usbd.c.obj
                0x10004d4c                tud_mounted
 .text.tud_suspended
                0x10004d5c       0x10 CMakeFiles/FreeRTOS_Blink.dir/C_/VSARM/sdk/pico/pico-sdk/lib/tinyusb/src/device/usbd.c.obj
                0x10004d5c                tud_suspended
 .text.tud_inited
                0x10004d6c       0x14 CMakeFiles/FreeRTOS_Blink.dir/C_/VSARM/sdk/pico/pico-sdk/lib/tinyusb/src/device/usbd.c.obj
                0x10004d6c                tud_inited
 .text.tud_init
                0x10004d80       0xdc CMakeFiles/FreeRTOS_Blink.dir/C_/VSARM/sdk/pico/pico-sdk/lib/tinyusb/src/device/usbd.c.obj
                0x10004d80                tud_init
 .text.usbd_edpt_open
                0x10004e5c       0x60 CMakeFiles/FreeRTOS_Blink.dir/C_/VSARM/sdk/pico/pico-sdk/lib/tinyusb/src/device/usbd.c.obj
                0x10004e5c                usbd_edpt_open
 .text.usbd_open_edpt_pair
                0x10004ebc       0x8c CMakeFiles/FreeRTOS_Blink.dir/C_/VSARM/sdk/pico/pico-sdk/lib/tinyusb/src/device/usbd.c.obj
                0x10004ebc                usbd_open_edpt_pair
 .text.usbd_edpt_claim
                0x10004f48       0x28 CMakeFiles/FreeRTOS_Blink.dir/C_/VSARM/sdk/pico/pico-sdk/lib/tinyusb/src/device/usbd.c.obj
                0x10004f48                usbd_edpt_claim
 .text.usbd_edpt_release
                0x10004f70       0x28 CMakeFiles/FreeRTOS_Blink.dir/C_/VSARM/sdk/pico/pico-sdk/lib/tinyusb/src/device/usbd.c.obj
                0x10004f70                usbd_edpt_release
 .text.usbd_edpt_xfer
                0x10004f98       0x88 CMakeFiles/FreeRTOS_Blink.dir/C_/VSARM/sdk/pico/pico-sdk/lib/tinyusb/src/device/usbd.c.obj
                0x10004f98                usbd_edpt_xfer
 .text.usbd_edpt_stall
                0x10005020       0x34 CMakeFiles/FreeRTOS_Blink.dir/C_/VSARM/sdk/pico/pico-sdk/lib/tinyusb/src/device/usbd.c.obj
                0x10005020                usbd_edpt_stall
 .text.usbd_edpt_clear_stall
                0x10005054       0x34 CMakeFiles/FreeRTOS_Blink.dir/C_/VSARM/sdk/pico/pico-sdk/lib/tinyusb/src/device/usbd.c.obj
                0x10005054                usbd_edpt_clear_stall
 .text.usbd_edpt_stalled
                0x10005088       0x1c CMakeFiles/FreeRTOS_Blink.dir/C_/VSARM/sdk/pico/pico-sdk/lib/tinyusb/src/device/usbd.c.obj
                0x10005088                usbd_edpt_stalled
 .text.process_control_request
                0x100050a4      0x394 CMakeFiles/FreeRTOS_Blink.dir/C_/VSARM/sdk/pico/pico-sdk/lib/tinyusb/src/device/usbd.c.obj
 .text.tud_task_ext
                0x10005438      0x1d8 CMakeFiles/FreeRTOS_Blink.dir/C_/VSARM/sdk/pico/pico-sdk/lib/tinyusb/src/device/usbd.c.obj
                0x10005438                tud_task_ext
 .text._data_stage_xact
                0x10005610       0x60 CMakeFiles/FreeRTOS_Blink.dir/C_/VSARM/sdk/pico/pico-sdk/lib/tinyusb/src/device/usbd_control.c.obj
 .text.tud_control_status
                0x10005670       0x38 CMakeFiles/FreeRTOS_Blink.dir/C_/VSARM/sdk/pico/pico-sdk/lib/tinyusb/src/device/usbd_control.c.obj
                0x10005670                tud_control_status
 .text.tud_control_xfer
                0x100056a8       0xa8 CMakeFiles/FreeRTOS_Blink.dir/C_/VSARM/sdk/pico/pico-sdk/lib/tinyusb/src/device/usbd_control.c.obj
                0x100056a8                tud_control_xfer
 .text.usbd_control_reset
                0x10005750       0x14 CMakeFiles/FreeRTOS_Blink.dir/C_/VSARM/sdk/pico/pico-sdk/lib/tinyusb/src/device/usbd_control.c.obj
                0x10005750                usbd_control_reset
 .text.usbd_control_set_complete_callback
                0x10005764        0xc CMakeFiles/FreeRTOS_Blink.dir/C_/VSARM/sdk/pico/pico-sdk/lib/tinyusb/src/device/usbd_control.c.obj
                0x10005764                usbd_control_set_complete_callback
 .text.usbd_control_set_request
                0x10005770       0x1c CMakeFiles/FreeRTOS_Blink.dir/C_/VSARM/sdk/pico/pico-sdk/lib/tinyusb/src/device/usbd_control.c.obj
                0x10005770                usbd_control_set_request
 .text.usbd_control_xfer_cb
                0x1000578c       0xf4 CMakeFiles/FreeRTOS_Blink.dir/C_/VSARM/sdk/pico/pico-sdk/lib/tinyusb/src/device/usbd_control.c.obj
                0x1000578c                usbd_control_xfer_cb
 .text._prep_out_transaction
                0x10005880       0x72 CMakeFiles/FreeRTOS_Blink.dir/C_/VSARM/sdk/pico/pico-sdk/lib/tinyusb/src/class/cdc/cdc_device.c.obj
 *fill*         0x100058f2        0x2 
 .text.tud_cdc_n_connected
                0x100058f4       0x44 CMakeFiles/FreeRTOS_Blink.dir/C_/VSARM/sdk/pico/pico-sdk/lib/tinyusb/src/class/cdc/cdc_device.c.obj
                0x100058f4                tud_cdc_n_connected
 .text.tud_cdc_n_available
                0x10005938       0x18 CMakeFiles/FreeRTOS_Blink.dir/C_/VSARM/sdk/pico/pico-sdk/lib/tinyusb/src/class/cdc/cdc_device.c.obj
                0x10005938                tud_cdc_n_available
 .text.tud_cdc_n_read
                0x10005950       0x38 CMakeFiles/FreeRTOS_Blink.dir/C_/VSARM/sdk/pico/pico-sdk/lib/tinyusb/src/class/cdc/cdc_device.c.obj
                0x10005950                tud_cdc_n_read
 .text.tud_cdc_n_write_flush
                0x10005988       0xcc CMakeFiles/FreeRTOS_Blink.dir/C_/VSARM/sdk/pico/pico-sdk/lib/tinyusb/src/class/cdc/cdc_device.c.obj
                0x10005988                tud_cdc_n_write_flush
 .text.tud_cdc_n_write
                0x10005a54       0x48 CMakeFiles/FreeRTOS_Blink.dir/C_/VSARM/sdk/pico/pico-sdk/lib/tinyusb/src/class/cdc/cdc_device.c.obj
                0x10005a54                tud_cdc_n_write
 .text.tud_cdc_n_write_available
                0x10005a9c       0x1c CMakeFiles/FreeRTOS_Blink.dir/C_/VSARM/sdk/pico/pico-sdk/lib/tinyusb/src/class/cdc/cdc_device.c.obj
                0x10005a9c                tud_cdc_n_write_available
 .text.cdcd_init
                0x10005ab8       0xc0 CMakeFiles/FreeRTOS_Blink.dir/C_/VSARM/sdk/pico/pico-sdk/lib/tinyusb/src/class/cdc/cdc_device.c.obj
                0x10005ab8                cdcd_init
 .text.cdcd_deinit
                0x10005b78       0x50 CMakeFiles/FreeRTOS_Blink.dir/C_/VSARM/sdk/pico/pico-sdk/lib/tinyusb/src/class/cdc/cdc_device.c.obj
                0x10005b78                cdcd_deinit
 .text.cdcd_reset
                0x10005bc8       0x78 CMakeFiles/FreeRTOS_Blink.dir/C_/VSARM/sdk/pico/pico-sdk/lib/tinyusb/src/class/cdc/cdc_device.c.obj
                0x10005bc8                cdcd_reset
 .text.cdcd_open
                0x10005c40       0xf8 CMakeFiles/FreeRTOS_Blink.dir/C_/VSARM/sdk/pico/pico-sdk/lib/tinyusb/src/class/cdc/cdc_device.c.obj
                0x10005c40                cdcd_open
 .text.cdcd_control_xfer_cb
                0x10005d38      0x138 CMakeFiles/FreeRTOS_Blink.dir/C_/VSARM/sdk/pico/pico-sdk/lib/tinyusb/src/class/cdc/cdc_device.c.obj
                0x10005d38                cdcd_control_xfer_cb
 .text.cdcd_xfer_cb
                0x10005e70      0x144 CMakeFiles/FreeRTOS_Blink.dir/C_/VSARM/sdk/pico/pico-sdk/lib/tinyusb/src/class/cdc/cdc_device.c.obj
                0x10005e70                cdcd_xfer_cb
 .text._prep_out_transaction
                0x10005fb4       0x3a CMakeFiles/FreeRTOS_Blink.dir/C_/VSARM/sdk/pico/pico-sdk/lib/tinyusb/src/class/vendor/vendor_device.c.obj
 *fill*         0x10005fee        0x2 
 .text.tud_vendor_n_write_flush
                0x10005ff0       0xcc CMakeFiles/FreeRTOS_Blink.dir/C_/VSARM/sdk/pico/pico-sdk/lib/tinyusb/src/class/vendor/vendor_device.c.obj
                0x10005ff0                tud_vendor_n_write_flush
 .text.vendord_init
                0x100060bc       0xa0 CMakeFiles/FreeRTOS_Blink.dir/C_/VSARM/sdk/pico/pico-sdk/lib/tinyusb/src/class/vendor/vendor_device.c.obj
                0x100060bc                vendord_init
 .text.vendord_deinit
                0x1000615c       0x50 CMakeFiles/FreeRTOS_Blink.dir/C_/VSARM/sdk/pico/pico-sdk/lib/tinyusb/src/class/vendor/vendor_device.c.obj
                0x1000615c                vendord_deinit
 .text.vendord_reset
                0x100061ac       0x38 CMakeFiles/FreeRTOS_Blink.dir/C_/VSARM/sdk/pico/pico-sdk/lib/tinyusb/src/class/vendor/vendor_device.c.obj
                0x100061ac                vendord_reset
 .text.vendord_open
                0x100061e4       0xd8 CMakeFiles/FreeRTOS_Blink.dir/C_/VSARM/sdk/pico/pico-sdk/lib/tinyusb/src/class/vendor/vendor_device.c.obj
                0x100061e4                vendord_open
 .text.vendord_xfer_cb
                0x100062bc       0xc8 CMakeFiles/FreeRTOS_Blink.dir/C_/VSARM/sdk/pico/pico-sdk/lib/tinyusb/src/class/vendor/vendor_device.c.obj
                0x100062bc                vendord_xfer_cb
 .text.tusb_init
                0x10006384       0x24 CMakeFiles/FreeRTOS_Blink.dir/C_/VSARM/sdk/pico/pico-sdk/lib/tinyusb/src/tusb.c.obj
                0x10006384                tusb_init
 .text.tu_edpt_claim
                0x100063a8       0x50 CMakeFiles/FreeRTOS_Blink.dir/C_/VSARM/sdk/pico/pico-sdk/lib/tinyusb/src/tusb.c.obj
                0x100063a8                tu_edpt_claim
 .text.tu_edpt_release
                0x100063f8       0x3c CMakeFiles/FreeRTOS_Blink.dir/C_/VSARM/sdk/pico/pico-sdk/lib/tinyusb/src/tusb.c.obj
                0x100063f8                tu_edpt_release
 .text.tu_edpt_validate
                0x10006434       0xac CMakeFiles/FreeRTOS_Blink.dir/C_/VSARM/sdk/pico/pico-sdk/lib/tinyusb/src/tusb.c.obj
                0x10006434                tu_edpt_validate
 .text.tu_edpt_bind_driver
                0x100064e0       0x26 CMakeFiles/FreeRTOS_Blink.dir/C_/VSARM/sdk/pico/pico-sdk/lib/tinyusb/src/tusb.c.obj
                0x100064e0                tu_edpt_bind_driver
 .text.advance_index
                0x10006506       0x1a CMakeFiles/FreeRTOS_Blink.dir/C_/VSARM/sdk/pico/pico-sdk/lib/tinyusb/src/common/tusb_fifo.c.obj
 .text._tu_fifo_peek
                0x10006520       0x56 CMakeFiles/FreeRTOS_Blink.dir/C_/VSARM/sdk/pico/pico-sdk/lib/tinyusb/src/common/tusb_fifo.c.obj
 .text._ff_pull_n
                0x10006576       0x68 CMakeFiles/FreeRTOS_Blink.dir/C_/VSARM/sdk/pico/pico-sdk/lib/tinyusb/src/common/tusb_fifo.c.obj
 .text._tu_fifo_peek_n
                0x100065de       0x6a CMakeFiles/FreeRTOS_Blink.dir/C_/VSARM/sdk/pico/pico-sdk/lib/tinyusb/src/common/tusb_fifo.c.obj
 .text._tu_fifo_read_n
                0x10006648       0x4e CMakeFiles/FreeRTOS_Blink.dir/C_/VSARM/sdk/pico/pico-sdk/lib/tinyusb/src/common/tusb_fifo.c.obj
 .text._ff_push_n
                0x10006696       0x68 CMakeFiles/FreeRTOS_Blink.dir/C_/VSARM/sdk/pico/pico-sdk/lib/tinyusb/src/common/tusb_fifo.c.obj
 .text._tu_fifo_write_n
                0x100066fe       0xf0 CMakeFiles/FreeRTOS_Blink.dir/C_/VSARM/sdk/pico/pico-sdk/lib/tinyusb/src/common/tusb_fifo.c.obj
 .text.tu_fifo_config
                0x100067ee       0x7c CMakeFiles/FreeRTOS_Blink.dir/C_/VSARM/sdk/pico/pico-sdk/lib/tinyusb/src/common/tusb_fifo.c.obj
                0x100067ee                tu_fifo_config
 .text.tu_fifo_count
                0x1000686a       0x2a CMakeFiles/FreeRTOS_Blink.dir/C_/VSARM/sdk/pico/pico-sdk/lib/tinyusb/src/common/tusb_fifo.c.obj
                0x1000686a                tu_fifo_count
 .text.tu_fifo_empty
                0x10006894       0x10 CMakeFiles/FreeRTOS_Blink.dir/C_/VSARM/sdk/pico/pico-sdk/lib/tinyusb/src/common/tusb_fifo.c.obj
                0x10006894                tu_fifo_empty
 .text.tu_fifo_full
                0x100068a4       0x28 CMakeFiles/FreeRTOS_Blink.dir/C_/VSARM/sdk/pico/pico-sdk/lib/tinyusb/src/common/tusb_fifo.c.obj
                0x100068a4                tu_fifo_full
 .text.tu_fifo_remaining
                0x100068cc       0x2c CMakeFiles/FreeRTOS_Blink.dir/C_/VSARM/sdk/pico/pico-sdk/lib/tinyusb/src/common/tusb_fifo.c.obj
                0x100068cc                tu_fifo_remaining
 .text.tu_fifo_read
                0x100068f8       0x42 CMakeFiles/FreeRTOS_Blink.dir/C_/VSARM/sdk/pico/pico-sdk/lib/tinyusb/src/common/tusb_fifo.c.obj
                0x100068f8                tu_fifo_read
 .text.tu_fifo_read_n
                0x1000693a        0xa CMakeFiles/FreeRTOS_Blink.dir/C_/VSARM/sdk/pico/pico-sdk/lib/tinyusb/src/common/tusb_fifo.c.obj
                0x1000693a                tu_fifo_read_n
 .text.tu_fifo_write
                0x10006944       0x64 CMakeFiles/FreeRTOS_Blink.dir/C_/VSARM/sdk/pico/pico-sdk/lib/tinyusb/src/common/tusb_fifo.c.obj
                0x10006944                tu_fifo_write
 .text.tu_fifo_write_n
                0x100069a8        0xa CMakeFiles/FreeRTOS_Blink.dir/C_/VSARM/sdk/pico/pico-sdk/lib/tinyusb/src/common/tusb_fifo.c.obj
                0x100069a8                tu_fifo_write_n
 .text.tu_fifo_clear
                0x100069b2       0x3e CMakeFiles/FreeRTOS_Blink.dir/C_/VSARM/sdk/pico/pico-sdk/lib/tinyusb/src/common/tusb_fifo.c.obj
                0x100069b2                tu_fifo_clear
 .text.tu_fifo_set_overwritable
                0x100069f0       0x46 CMakeFiles/FreeRTOS_Blink.dir/C_/VSARM/sdk/pico/pico-sdk/lib/tinyusb/src/common/tusb_fifo.c.obj
                0x100069f0                tu_fifo_set_overwritable
 *fill*         0x10006a36        0x2 
 .text.adc_init
                0x10006a38       0x34 CMakeFiles/FreeRTOS_Blink.dir/C_/VSARM/sdk/pico/pico-sdk/src/rp2_common/hardware_adc/adc.c.obj
                0x10006a38                adc_init
 .text          0x10006a6c      0xfa4 libFreeRTOS.a(tasks.c.obj)
                0x10006d1c                xTaskCreate
                0x10006d7c                vTaskDelete
                0x10006df8                uxTaskPriorityGet
                0x10006e18                uxTaskPriorityGetFromISR
                0x10006e38                vTaskPrioritySet
                0x10006eec                vTaskResume
                0x10006f54                xTaskResumeFromISR
                0x10006fd4                vTaskStartScheduler
                0x10007030                vTaskEndScheduler
                0x10007044                vTaskSuspendAll
                0x10007054                xTaskGetTickCount
                0x10007060                xTaskGetTickCountFromISR
                0x1000706c                uxTaskGetNumberOfTasks
                0x10007078                pcTaskGetName
                0x1000708c                xTaskIncrementTick
                0x1000715c                xTaskResumeAll
                0x10007224                xTaskDelayUntil
                0x10007284                vTaskDelay
                0x100072a4                xTaskCatchUpTicks
                0x100072c0                vTaskSwitchContext
                0x10007338                vTaskSuspend
                0x100073dc                vTaskPlaceOnEventList
                0x100073f8                vTaskPlaceOnUnorderedEventList
                0x10007420                vTaskPlaceOnEventListRestricted
                0x10007448                xTaskRemoveFromEventList
                0x100074b8                vTaskRemoveFromUnorderedEventList
                0x1000750c                vTaskSetTimeOutState
                0x10007528                vTaskInternalSetTimeOutState
                0x10007538                xTaskCheckForTimeOut
                0x10007590                vTaskMissedYield
                0x1000759c                vTaskSetThreadLocalStoragePointer
                0x100075b8                pvTaskGetThreadLocalStoragePointer
                0x100075d8                xTaskGetCurrentTaskHandle
                0x100075e4                xTaskGetSchedulerState
                0x10007604                uxTaskResetEventItemValue
                0x1000761c                ulTaskGenericNotifyTake
                0x100076a8                xTaskGenericNotifyWait
                0x10007748                xTaskGenericNotify
                0x1000781c                xTaskGenericNotifyFromISR
                0x10007918                vTaskGenericNotifyGiveFromISR
                0x100079a8                xTaskGenericNotifyStateClear
                0x100079e0                ulTaskGenericNotifyValueClear
 .text          0x10007a10      0x494 libFreeRTOS.a(timers.c.obj)
                0x10007b02                xTimerCreateTimerTask
                0x10007b3c                xTimerCreate
                0x10007b70                xTimerGenericCommand
                0x10007e02                xTimerGetTimerDaemonTaskHandle
                0x10007e0c                xTimerGetPeriod
                0x10007e10                vTimerSetReloadMode
                0x10007e3a                uxTimerGetReloadMode
                0x10007e58                xTimerGetExpiryTime
                0x10007e5c                pcTimerGetName
                0x10007e60                xTimerIsTimerActive
                0x10007e7e                pvTimerGetTimerID
                0x10007e90                vTimerSetTimerID
 *fill*         0x10007ea4        0xc 
 .text          0x10007eb0      0x18c libFreeRTOS.a(port.c.obj)
                0x10007ef4                pxPortInitialiseStack
                0x10007f14                isr_svcall
                0x10007f16                vPortEndScheduler
                0x10007f18                vPortYield
                0x10007f30                vPortEnterCritical
                0x10007f48                vPortExitCritical
                0x10007f5c                ulSetInterruptMaskFromISR
                0x10007f64                vClearInterruptMaskFromISR
                0x10007f6a                isr_pendsv
                0x10007fb4                isr_systick
                0x10007fd8                vPortSetupTimerInterrupt
                0x10008000                xPortStartScheduler
 .text          0x1000803c      0x238 libFreeRTOS.a(heap_4.c.obj)
                0x100080dc                pvPortMalloc
                0x100081a8                vPortFree
                0x100081f0                xPortGetFreeHeapSize
                0x100081fc                xPortGetMinimumEverFreeHeapSize
                0x10008208                vPortInitialiseBlocks
                0x1000820a                vPortGetHeapStats
 .text          0x10008274       0x86 libFreeRTOS.a(list.c.obj)
                0x10008274                vListInitialise
                0x1000828a                vListInitialiseItem
                0x10008290                vListInsertEnd
                0x100082a6                vListInsert
                0x100082d4                uxListRemove
 *fill*         0x100082fa        0x2 
 .text          0x100082fc      0x82c libFreeRTOS.a(queue.c.obj)
                0x1000842c                xQueueGenericReset
                0x100084ae                xQueueGenericCreate
                0x100084dc                xQueueGenericSend
                0x100085ce                xQueueGenericSendFromISR
                0x10008648                xQueueGiveFromISR
                0x100086ac                xQueueReceive
                0x1000879a                xQueueSemaphoreTake
                0x1000887e                xQueuePeek
                0x1000896c                xQueueReceiveFromISR
                0x100089de                xQueuePeekFromISR
                0x10008a0c                uxQueueMessagesWaiting
                0x10008a1e                uxQueueSpacesAvailable
                0x10008a34                uxQueueMessagesWaitingFromISR
                0x10008a38                xQueueIsQueueEmptyFromISR
                0x10008a46                xQueueIsQueueFullFromISR
                0x10008a56                vQueueAddToRegistry
                0x10008a7c                pcQueueGetName
                0x10008aa0                vQueueUnregisterQueue
                0x10008ac8                vQueueDelete
                0x10008ad8                vQueueWaitForMessageRestricted
 .text.strlen   0x10008b28       0x5c c:/vsarm/armcc/102021~1.10/bin/../lib/gcc/arm-none-eabi/10.3.1/../../../../arm-none-eabi/lib/thumb/v6-m/nofp\libg.a(lib_a-strlen-stub.o)
                0x10008b28                strlen
 *(.fini)
 .fini          0x10008b84        0x4 c:/vsarm/armcc/102021~1.10/bin/../lib/gcc/arm-none-eabi/10.3.1/thumb/v6-m/nofp/crti.o
                0x10008b84                _fini
 .fini.__stub   0x10008b88       0xd0 linker stubs
 *crtbegin.o(.ctors)
 *crtbegin?.o(.ctors)
 *(EXCLUDE_FILE(*crtend.o *crtend?.o) .ctors)
 *(SORT_BY_NAME(.ctors.*))
 *(.ctors)
 *crtbegin.o(.dtors)
 *crtbegin?.o(.dtors)
 *(EXCLUDE_FILE(*crtend.o *crtend?.o) .dtors)
 *(SORT_BY_NAME(.dtors.*))
 *(.dtors)
                0x10008c58                . = ALIGN (0x4)
                0x10008c58                PROVIDE (__preinit_array_start = .)
 *(SORT_BY_NAME(.preinit_array.*))
 .preinit_array.00100
                0x10008c58        0x4 CMakeFiles/FreeRTOS_Blink.dir/C_/VSARM/sdk/pico/pico-sdk/src/rp2_common/pico_runtime_init/runtime_init.c.obj
                0x10008c58                __pre_init_runtime_init_early_resets
 .preinit_array.00101
                0x10008c5c        0x4 CMakeFiles/FreeRTOS_Blink.dir/C_/VSARM/sdk/pico/pico-sdk/src/rp2_common/pico_runtime_init/runtime_init.c.obj
                0x10008c5c                __pre_init_runtime_init_usb_power_down
 .preinit_array.00275
                0x10008c60        0x4 CMakeFiles/FreeRTOS_Blink.dir/C_/VSARM/sdk/pico/pico-sdk/src/rp2_common/pico_bit_ops/bit_ops_aeabi.S.obj
 .preinit_array.00300
                0x10008c64        0x4 CMakeFiles/FreeRTOS_Blink.dir/C_/VSARM/sdk/pico/pico-sdk/src/rp2_common/pico_mem_ops/mem_ops_aeabi.S.obj
 .preinit_array.00350
                0x10008c68        0x4 CMakeFiles/FreeRTOS_Blink.dir/C_/VSARM/sdk/pico/pico-sdk/src/rp2_common/pico_double/double_aeabi_rp2040.S.obj
 .preinit_array.00350
                0x10008c6c        0x4 CMakeFiles/FreeRTOS_Blink.dir/C_/VSARM/sdk/pico/pico-sdk/src/rp2_common/pico_float/float_aeabi_rp2040.S.obj
 .preinit_array.00500
                0x10008c70        0x4 CMakeFiles/FreeRTOS_Blink.dir/C_/VSARM/sdk/pico/pico-sdk/src/rp2_common/pico_runtime_init/runtime_init.c.obj
                0x10008c70                __pre_init_runtime_init_clocks
 .preinit_array.00600
                0x10008c74        0x4 CMakeFiles/FreeRTOS_Blink.dir/C_/VSARM/sdk/pico/pico-sdk/src/rp2_common/pico_runtime_init/runtime_init.c.obj
                0x10008c74                __pre_init_runtime_init_post_clock_resets
 .preinit_array.00700
                0x10008c78        0x4 CMakeFiles/FreeRTOS_Blink.dir/C_/VSARM/sdk/pico/pico-sdk/src/rp2_common/pico_runtime_init/runtime_init.c.obj
                0x10008c78                __pre_init_runtime_init_rp2040_gpio_ie_disable
 .preinit_array.01000
                0x10008c7c        0x4 CMakeFiles/FreeRTOS_Blink.dir/C_/VSARM/sdk/pico/pico-sdk/src/rp2_common/pico_runtime_init/runtime_init.c.obj
                0x10008c7c                __pre_init_runtime_init_spin_locks_reset
 .preinit_array.01100
                0x10008c80        0x4 CMakeFiles/FreeRTOS_Blink.dir/C_/VSARM/sdk/pico/pico-sdk/src/common/pico_sync/mutex.c.obj
                0x10008c80                __pre_init_runtime_init_mutex
 .preinit_array.10080
                0x10008c84        0x4 CMakeFiles/FreeRTOS_Blink.dir/C_/VSARM/sdk/pico/pico-sdk/src/rp2_common/pico_runtime_init/runtime_init.c.obj
                0x10008c84                __pre_init_runtime_init_install_ram_vector_table
 .preinit_array.11000
                0x10008c88        0x4 CMakeFiles/FreeRTOS_Blink.dir/C_/VSARM/sdk/pico/pico-sdk/src/common/pico_time/time.c.obj
                0x10008c88                __pre_init_runtime_init_default_alarm_pool
 .preinit_array.YYYYY
                0x10008c8c        0x4 CMakeFiles/FreeRTOS_Blink.dir/C_/VSARM/sdk/pico/pico-sdk/src/rp2_common/pico_runtime/runtime.c.obj
                0x10008c8c                __pre_init_first_per_core_initializer
 .preinit_array.ZZZZZ.01200
                0x10008c90        0x4 CMakeFiles/FreeRTOS_Blink.dir/C_/VSARM/sdk/pico/pico-sdk/src/rp2_common/hardware_irq/irq.c.obj
                0x10008c90                __pre_init_runtime_init_per_core_irq_priorities
 *(.preinit_array)
                0x10008c94                PROVIDE (__preinit_array_end = .)
                0x10008c94                . = ALIGN (0x4)
                0x10008c94                PROVIDE (__init_array_start = .)
 *(SORT_BY_NAME(.init_array.*))
 *(.init_array)
 .init_array    0x10008c94        0x4 c:/vsarm/armcc/102021~1.10/bin/../lib/gcc/arm-none-eabi/10.3.1/thumb/v6-m/nofp/crtbegin.o
 .init_array    0x10008c98        0x4 CMakeFiles/FreeRTOS_Blink.dir/C_/VSARM/sdk/pico/pico-sdk/src/rp2_common/pico_unique_id/unique_id.c.obj
                0x10008c9c                PROVIDE (__init_array_end = .)
                0x10008c9c                . = ALIGN (0x4)
                [!provide]                PROVIDE (__fini_array_start = .)
 *(SORT_BY_NAME(.fini_array.*))
 *(.fini_array)
                [!provide]                PROVIDE (__fini_array_end = .)
 *(.eh_frame*)
 .eh_frame      0x10008c9c        0x0 c:/vsarm/armcc/102021~1.10/bin/../lib/gcc/arm-none-eabi/10.3.1/thumb/v6-m/nofp/crtbegin.o
                0x10008c9c                . = ALIGN (0x4)

.glue_7         0x10008c9c        0x0
 .glue_7        0x10008c9c        0x0 linker stubs

.glue_7t        0x10008c9c        0x0
 .glue_7t       0x10008c9c        0x0 linker stubs

.vfp11_veneer   0x10008c9c        0x0
 .vfp11_veneer  0x10008c9c        0x0 linker stubs

.v4_bx          0x10008c9c        0x0
 .v4_bx         0x10008c9c        0x0 linker stubs

.iplt           0x10008c9c        0x0
 .iplt          0x10008c9c        0x0 c:/vsarm/armcc/102021~1.10/bin/../lib/gcc/arm-none-eabi/10.3.1/thumb/v6-m/nofp/crtbegin.o

.rodata         0x10008ca0     0x158c
 *(EXCLUDE_FILE(*libm.a: *libc.a:*lib_a-mem*.o *libgcc.a:) .rodata*)
 .rodata.temperatureTask.str1.4
                0x10008ca0       0x7d CMakeFiles/FreeRTOS_Blink.dir/src/main2.c.obj
 *fill*         0x10008d1d        0x3 
 .rodata.vibrationTask.str1.4
                0x10008d20       0x6c CMakeFiles/FreeRTOS_Blink.dir/src/main2.c.obj
 .rodata.soundTask.str1.4
                0x10008d8c       0x3b CMakeFiles/FreeRTOS_Blink.dir/src/main2.c.obj
 *fill*         0x10008dc7        0x1 
 .rodata.main.str1.4
                0x10008dc8       0xb3 CMakeFiles/FreeRTOS_Blink.dir/src/main2.c.obj
 *fill*         0x10008e7b        0x1 
 .rodata.rp2040_chip_version.str1.4
                0x10008e7c       0x75 CMakeFiles/FreeRTOS_Blink.dir/C_/VSARM/sdk/pico/pico-sdk/src/rp2040/pico_platform/platform.c.obj
 *fill*         0x10008ef1        0x3 
 .rodata.__func__.0
                0x10008ef4       0x14 CMakeFiles/FreeRTOS_Blink.dir/C_/VSARM/sdk/pico/pico-sdk/src/rp2040/pico_platform/platform.c.obj
 .rodata.panic.str1.4
                0x10008f08       0x10 CMakeFiles/FreeRTOS_Blink.dir/C_/VSARM/sdk/pico/pico-sdk/src/rp2_common/pico_platform_panic/panic.c.obj
                                 0x12 (size before relaxing)
 .rodata.spin_lock_claim_unused.str1.4
                0x10008f18       0x1b CMakeFiles/FreeRTOS_Blink.dir/C_/VSARM/sdk/pico/pico-sdk/src/rp2_common/hardware_sync/sync.c.obj
 *fill*         0x10008f33        0x1 
 .rodata.make_j_16.str1.4
                0x10008f34       0x6d CMakeFiles/FreeRTOS_Blink.dir/C_/VSARM/sdk/pico/pico-sdk/src/rp2_common/hardware_irq/irq.c.obj
 *fill*         0x10008fa1        0x3 
 .rodata.irq_set_exclusive_handler.str1.4
                0x10008fa4       0x36 CMakeFiles/FreeRTOS_Blink.dir/C_/VSARM/sdk/pico/pico-sdk/src/rp2_common/hardware_irq/irq.c.obj
 *fill*         0x10008fda        0x2 
 .rodata.irq_add_shared_handler.str1.4
                0x10008fdc       0xe9 CMakeFiles/FreeRTOS_Blink.dir/C_/VSARM/sdk/pico/pico-sdk/src/rp2_common/hardware_irq/irq.c.obj
 *fill*         0x100090c5        0x3 
 .rodata.irq_add_tail_to_free_list.str1.4
                0x100090c8       0x3a CMakeFiles/FreeRTOS_Blink.dir/C_/VSARM/sdk/pico/pico-sdk/src/rp2_common/hardware_irq/irq.c.obj
 *fill*         0x10009102        0x2 
 .rodata.user_irq_claim_unused.str1.4
                0x10009104       0x1b CMakeFiles/FreeRTOS_Blink.dir/C_/VSARM/sdk/pico/pico-sdk/src/rp2_common/hardware_irq/irq.c.obj
 *fill*         0x1000911f        0x1 
 .rodata.__func__.0
                0x10009120       0x1a CMakeFiles/FreeRTOS_Blink.dir/C_/VSARM/sdk/pico/pico-sdk/src/rp2_common/hardware_irq/irq.c.obj
 *fill*         0x1000913a        0x2 
 .rodata.__func__.3
                0x1000913c        0xa CMakeFiles/FreeRTOS_Blink.dir/C_/VSARM/sdk/pico/pico-sdk/src/rp2_common/hardware_irq/irq.c.obj
 *fill*         0x10009146        0x2 
 .rodata.__func__.4
                0x10009148        0xd CMakeFiles/FreeRTOS_Blink.dir/C_/VSARM/sdk/pico/pico-sdk/src/rp2_common/hardware_irq/irq.c.obj
 *fill*         0x10009155        0x3 
 .rodata.__func__.5
                0x10009158       0x17 CMakeFiles/FreeRTOS_Blink.dir/C_/VSARM/sdk/pico/pico-sdk/src/rp2_common/hardware_irq/irq.c.obj
 *fill*         0x1000916f        0x1 
 .rodata.__func__.6
                0x10009170       0x1a CMakeFiles/FreeRTOS_Blink.dir/C_/VSARM/sdk/pico/pico-sdk/src/rp2_common/hardware_irq/irq.c.obj
 *fill*         0x1000918a        0x2 
 .rodata.runtime_init_mutex.str1.4
                0x1000918c       0x58 CMakeFiles/FreeRTOS_Blink.dir/C_/VSARM/sdk/pico/pico-sdk/src/common/pico_sync/mutex.c.obj
 .rodata.str1.4
                0x100091e4       0x51 CMakeFiles/FreeRTOS_Blink.dir/C_/VSARM/sdk/pico/pico-sdk/src/common/pico_sync/mutex.c.obj
 *fill*         0x10009235        0x3 
 .rodata.__func__.1
                0x10009238        0xb CMakeFiles/FreeRTOS_Blink.dir/C_/VSARM/sdk/pico/pico-sdk/src/common/pico_sync/mutex.c.obj
 *fill*         0x10009243        0x1 
 .rodata.__func__.3
                0x10009244       0x18 CMakeFiles/FreeRTOS_Blink.dir/C_/VSARM/sdk/pico/pico-sdk/src/common/pico_sync/mutex.c.obj
 .rodata.__func__.6
                0x1000925c       0x13 CMakeFiles/FreeRTOS_Blink.dir/C_/VSARM/sdk/pico/pico-sdk/src/common/pico_sync/mutex.c.obj
 *fill*         0x1000926f        0x1 
 .rodata.alarm_pool_irq_handler.str1.4
                0x10009270       0x63 CMakeFiles/FreeRTOS_Blink.dir/C_/VSARM/sdk/pico/pico-sdk/src/common/pico_time/time.c.obj
 *fill*         0x100092d3        0x1 
 .rodata.alarm_pool_get_default.str1.4
                0x100092d4       0x21 CMakeFiles/FreeRTOS_Blink.dir/C_/VSARM/sdk/pico/pico-sdk/src/common/pico_time/time.c.obj
 *fill*         0x100092f5        0x3 
 .rodata.sleep_until.str1.4
                0x100092f8       0x4d CMakeFiles/FreeRTOS_Blink.dir/C_/VSARM/sdk/pico/pico-sdk/src/common/pico_time/time.c.obj
 *fill*         0x10009345        0x3 
 .rodata.__func__.1
                0x10009348       0x17 CMakeFiles/FreeRTOS_Blink.dir/C_/VSARM/sdk/pico/pico-sdk/src/common/pico_time/time.c.obj
 *fill*         0x1000935f        0x1 
 .rodata.__func__.2
                0x10009360       0x17 CMakeFiles/FreeRTOS_Blink.dir/C_/VSARM/sdk/pico/pico-sdk/src/common/pico_time/time.c.obj
 *fill*         0x10009377        0x1 
 .rodata.timer_hardware_alarm_claim.str1.4
                0x10009378       0x22 CMakeFiles/FreeRTOS_Blink.dir/C_/VSARM/sdk/pico/pico-sdk/src/rp2_common/hardware_timer/timer.c.obj
 *fill*         0x1000939a        0x2 
 .rodata.pll_init.str1.4
                0x1000939c      0x114 CMakeFiles/FreeRTOS_Blink.dir/C_/VSARM/sdk/pico/pico-sdk/src/rp2_common/hardware_pll/pll.c.obj
 .rodata.__func__.0
                0x100094b0        0x9 CMakeFiles/FreeRTOS_Blink.dir/C_/VSARM/sdk/pico/pico-sdk/src/rp2_common/hardware_pll/pll.c.obj
 *fill*         0x100094b9        0x3 
 .rodata.__aeabi_double_init.str1.4
                0x100094bc       0x93 CMakeFiles/FreeRTOS_Blink.dir/C_/VSARM/sdk/pico/pico-sdk/src/rp2_common/pico_double/double_init_rom_rp2040.c.obj
 *fill*         0x1000954f        0x1 
 .rodata.__func__.0
                0x10009550       0x14 CMakeFiles/FreeRTOS_Blink.dir/C_/VSARM/sdk/pico/pico-sdk/src/rp2_common/pico_double/double_init_rom_rp2040.c.obj
 .rodata.__aeabi_float_init.str1.4
                0x10009564       0x81 CMakeFiles/FreeRTOS_Blink.dir/C_/VSARM/sdk/pico/pico-sdk/src/rp2_common/pico_float/float_init_rom_rp2040.c.obj
                                 0x85 (size before relaxing)
 *fill*         0x100095e5        0x3 
 .rodata.__func__.0
                0x100095e8       0x13 CMakeFiles/FreeRTOS_Blink.dir/C_/VSARM/sdk/pico/pico-sdk/src/rp2_common/pico_float/float_init_rom_rp2040.c.obj
 *fill*         0x100095fb        0x1 
 .rodata.str1.4
                0x100095fc       0x34 CMakeFiles/FreeRTOS_Blink.dir/C_/VSARM/sdk/pico/pico-sdk/src/rp2_common/pico_standard_binary_info/standard_binary_info.c.obj
 .rodata.__bi_26
                0x10009630        0xc CMakeFiles/FreeRTOS_Blink.dir/C_/VSARM/sdk/pico/pico-sdk/src/rp2_common/pico_standard_binary_info/standard_binary_info.c.obj
 .rodata.__bi_34
                0x1000963c        0xc CMakeFiles/FreeRTOS_Blink.dir/C_/VSARM/sdk/pico/pico-sdk/src/rp2_common/pico_standard_binary_info/standard_binary_info.c.obj
 .rodata.__bi_42
                0x10009648        0xc CMakeFiles/FreeRTOS_Blink.dir/C_/VSARM/sdk/pico/pico-sdk/src/rp2_common/pico_standard_binary_info/standard_binary_info.c.obj
 .rodata.__bi_48
                0x10009654        0xc CMakeFiles/FreeRTOS_Blink.dir/C_/VSARM/sdk/pico/pico-sdk/src/rp2_common/pico_standard_binary_info/standard_binary_info.c.obj
 .rodata.__bi_54
                0x10009660        0xc CMakeFiles/FreeRTOS_Blink.dir/C_/VSARM/sdk/pico/pico-sdk/src/rp2_common/pico_standard_binary_info/standard_binary_info.c.obj
 .rodata.__bi_84
                0x1000966c        0xc CMakeFiles/FreeRTOS_Blink.dir/C_/VSARM/sdk/pico/pico-sdk/src/rp2_common/pico_standard_binary_info/standard_binary_info.c.obj
 .rodata._ftoa.str1.4
                0x10009678       0x15 CMakeFiles/FreeRTOS_Blink.dir/C_/VSARM/sdk/pico/pico-sdk/src/rp2_common/pico_printf/printf.c.obj
 *fill*         0x1000968d        0x3 
 .rodata._vsnprintf
                0x10009690      0x1e0 CMakeFiles/FreeRTOS_Blink.dir/C_/VSARM/sdk/pico/pico-sdk/src/rp2_common/pico_printf/printf.c.obj
 .rodata.pow10.0
                0x10009870       0x50 CMakeFiles/FreeRTOS_Blink.dir/C_/VSARM/sdk/pico/pico-sdk/src/rp2_common/pico_printf/printf.c.obj
 .rodata.__assert_func.str1.4
                0x100098c0       0x3f CMakeFiles/FreeRTOS_Blink.dir/C_/VSARM/sdk/pico/pico-sdk/src/rp2_common/pico_clib_interface/newlib_interface.c.obj
                                 0x43 (size before relaxing)
 *fill*         0x100098ff        0x1 
 .rodata.crlf_str.0
                0x10009900        0x2 CMakeFiles/FreeRTOS_Blink.dir/C_/VSARM/sdk/pico/pico-sdk/src/rp2_common/pico_stdio/stdio.c.obj
 *fill*         0x10009902        0x2 
 .rodata._resetd_driver
                0x10009904       0x20 CMakeFiles/FreeRTOS_Blink.dir/C_/VSARM/sdk/pico/pico-sdk/src/rp2_common/pico_stdio_usb/reset_interface.c.obj
 .rodata.desc_bos
                0x10009924       0x21 CMakeFiles/FreeRTOS_Blink.dir/C_/VSARM/sdk/pico/pico-sdk/src/rp2_common/pico_stdio_usb/reset_interface.c.obj
                0x10009924                desc_bos
 *fill*         0x10009945        0x3 
 .rodata.desc_ms_os_20
                0x10009948       0xa6 CMakeFiles/FreeRTOS_Blink.dir/C_/VSARM/sdk/pico/pico-sdk/src/rp2_common/pico_stdio_usb/reset_interface.c.obj
 *fill*         0x100099ee        0x2 
 .rodata.stdio_usb_init.str1.4
                0x100099f0       0x4d CMakeFiles/FreeRTOS_Blink.dir/C_/VSARM/sdk/pico/pico-sdk/src/rp2_common/pico_stdio_usb/stdio_usb.c.obj
 *fill*         0x10009a3d        0x3 
 .rodata.str1.4
                0x10009a40       0x13 CMakeFiles/FreeRTOS_Blink.dir/C_/VSARM/sdk/pico/pico-sdk/src/rp2_common/pico_stdio_usb/stdio_usb.c.obj
 *fill*         0x10009a53        0x1 
 .rodata.__bi_197.1
                0x10009a54        0xc CMakeFiles/FreeRTOS_Blink.dir/C_/VSARM/sdk/pico/pico-sdk/src/rp2_common/pico_stdio_usb/stdio_usb.c.obj
 .rodata.__func__.2
                0x10009a60        0xf CMakeFiles/FreeRTOS_Blink.dir/C_/VSARM/sdk/pico/pico-sdk/src/rp2_common/pico_stdio_usb/stdio_usb.c.obj
 *fill*         0x10009a6f        0x1 
 .rodata.str1.4
                0x10009a70       0x2a CMakeFiles/FreeRTOS_Blink.dir/C_/VSARM/sdk/pico/pico-sdk/src/rp2_common/pico_stdio_usb/stdio_usb_descriptors.c.obj
 *fill*         0x10009a9a        0x2 
 .rodata.usbd_desc_cfg
                0x10009a9c       0x54 CMakeFiles/FreeRTOS_Blink.dir/C_/VSARM/sdk/pico/pico-sdk/src/rp2_common/pico_stdio_usb/stdio_usb_descriptors.c.obj
 .rodata.usbd_desc_device
                0x10009af0       0x12 CMakeFiles/FreeRTOS_Blink.dir/C_/VSARM/sdk/pico/pico-sdk/src/rp2_common/pico_stdio_usb/stdio_usb_descriptors.c.obj
 *fill*         0x10009b02        0x2 
 .rodata.usbd_desc_str
                0x10009b04       0x18 CMakeFiles/FreeRTOS_Blink.dir/C_/VSARM/sdk/pico/pico-sdk/src/rp2_common/pico_stdio_usb/stdio_usb_descriptors.c.obj
 .rodata.pico_get_unique_board_id_string.str1.4
                0x10009b1c       0x4d CMakeFiles/FreeRTOS_Blink.dir/C_/VSARM/sdk/pico/pico-sdk/src/rp2_common/pico_unique_id/unique_id.c.obj
 *fill*         0x10009b69        0x3 
 .rodata.__func__.0
                0x10009b6c       0x20 CMakeFiles/FreeRTOS_Blink.dir/C_/VSARM/sdk/pico/pico-sdk/src/rp2_common/pico_unique_id/unique_id.c.obj
 .rodata.str1.4
                0x10009b8c      0x191 CMakeFiles/FreeRTOS_Blink.dir/C_/VSARM/sdk/pico/pico-sdk/src/rp2_common/hardware_flash/flash.c.obj
 *fill*         0x10009d1d        0x3 
 .rodata.__func__.0
                0x10009d20        0xd CMakeFiles/FreeRTOS_Blink.dir/C_/VSARM/sdk/pico/pico-sdk/src/rp2_common/hardware_flash/flash.c.obj
 *fill*         0x10009d2d        0x3 
 .rodata._hw_endpoint_alloc.str1.4
                0x10009d30       0xb5 CMakeFiles/FreeRTOS_Blink.dir/C_/VSARM/sdk/pico/pico-sdk/lib/tinyusb/src/portable/raspberrypi/rp2040/dcd_rp2040.c.obj
 *fill*         0x10009de5        0x3 
 .rodata.str1.4
                0x10009de8       0x14 CMakeFiles/FreeRTOS_Blink.dir/C_/VSARM/sdk/pico/pico-sdk/lib/tinyusb/src/portable/raspberrypi/rp2040/dcd_rp2040.c.obj
 .rodata.dcd_int_enable.str1.4
                0x10009dfc        0xc CMakeFiles/FreeRTOS_Blink.dir/C_/VSARM/sdk/pico/pico-sdk/lib/tinyusb/src/portable/raspberrypi/rp2040/dcd_rp2040.c.obj
 .rodata.__func__.0
                0x10009e08        0xe CMakeFiles/FreeRTOS_Blink.dir/C_/VSARM/sdk/pico/pico-sdk/lib/tinyusb/src/portable/raspberrypi/rp2040/dcd_rp2040.c.obj
 *fill*         0x10009e16        0x2 
 .rodata.__func__.1
                0x10009e18        0xe CMakeFiles/FreeRTOS_Blink.dir/C_/VSARM/sdk/pico/pico-sdk/lib/tinyusb/src/portable/raspberrypi/rp2040/dcd_rp2040.c.obj
 *fill*         0x10009e26        0x2 
 .rodata.__func__.3
                0x10009e28       0x10 CMakeFiles/FreeRTOS_Blink.dir/C_/VSARM/sdk/pico/pico-sdk/lib/tinyusb/src/portable/raspberrypi/rp2040/dcd_rp2040.c.obj
 .rodata.__func__.5
                0x10009e38        0xf CMakeFiles/FreeRTOS_Blink.dir/C_/VSARM/sdk/pico/pico-sdk/lib/tinyusb/src/portable/raspberrypi/rp2040/dcd_rp2040.c.obj
 *fill*         0x10009e47        0x1 
 .rodata.__func__.6
                0x10009e48       0x13 CMakeFiles/FreeRTOS_Blink.dir/C_/VSARM/sdk/pico/pico-sdk/lib/tinyusb/src/portable/raspberrypi/rp2040/dcd_rp2040.c.obj
 *fill*         0x10009e5b        0x1 
 .rodata.__func__.7
                0x10009e5c        0x9 CMakeFiles/FreeRTOS_Blink.dir/C_/VSARM/sdk/pico/pico-sdk/lib/tinyusb/src/portable/raspberrypi/rp2040/dcd_rp2040.c.obj
 *fill*         0x10009e65        0x3 
 .rodata.str1.4
                0x10009e68       0xdc CMakeFiles/FreeRTOS_Blink.dir/C_/VSARM/sdk/pico/pico-sdk/lib/tinyusb/src/portable/raspberrypi/rp2040/rp2040_usb.c.obj
 .rodata.hw_endpoint_xfer_start.str1.4
                0x10009f44       0x38 CMakeFiles/FreeRTOS_Blink.dir/C_/VSARM/sdk/pico/pico-sdk/lib/tinyusb/src/portable/raspberrypi/rp2040/rp2040_usb.c.obj
 .rodata.__func__.0
                0x10009f7c        0xf CMakeFiles/FreeRTOS_Blink.dir/C_/VSARM/sdk/pico/pico-sdk/lib/tinyusb/src/portable/raspberrypi/rp2040/rp2040_usb.c.obj
 *fill*         0x10009f8b        0x1 
 .rodata.configuration_reset.str1.4
                0x10009f8c       0x17 CMakeFiles/FreeRTOS_Blink.dir/C_/VSARM/sdk/pico/pico-sdk/lib/tinyusb/src/device/usbd.c.obj
 *fill*         0x10009fa3        0x1 
 .rodata.process_get_descriptor
                0x10009fa4       0x40 CMakeFiles/FreeRTOS_Blink.dir/C_/VSARM/sdk/pico/pico-sdk/lib/tinyusb/src/device/usbd.c.obj
 .rodata        0x10009fe4       0x1c CMakeFiles/FreeRTOS_Blink.dir/C_/VSARM/sdk/pico/pico-sdk/lib/tinyusb/src/device/usbd.c.obj
 .rodata.process_control_request
                0x1000a000       0x28 CMakeFiles/FreeRTOS_Blink.dir/C_/VSARM/sdk/pico/pico-sdk/lib/tinyusb/src/device/usbd.c.obj
 .rodata.tud_task_ext
                0x1000a028       0x24 CMakeFiles/FreeRTOS_Blink.dir/C_/VSARM/sdk/pico/pico-sdk/lib/tinyusb/src/device/usbd.c.obj
 .rodata.__func__.10
                0x1000a04c       0x18 CMakeFiles/FreeRTOS_Blink.dir/C_/VSARM/sdk/pico/pico-sdk/lib/tinyusb/src/device/usbd.c.obj
 .rodata.__func__.11
                0x1000a064       0x14 CMakeFiles/FreeRTOS_Blink.dir/C_/VSARM/sdk/pico/pico-sdk/lib/tinyusb/src/device/usbd.c.obj
 .rodata.__func__.12
                0x1000a078        0xd CMakeFiles/FreeRTOS_Blink.dir/C_/VSARM/sdk/pico/pico-sdk/lib/tinyusb/src/device/usbd.c.obj
 *fill*         0x1000a085        0x3 
 .rodata.__func__.13
                0x1000a088        0x9 CMakeFiles/FreeRTOS_Blink.dir/C_/VSARM/sdk/pico/pico-sdk/lib/tinyusb/src/device/usbd.c.obj
 *fill*         0x1000a091        0x3 
 .rodata.__func__.4
                0x1000a094        0xf CMakeFiles/FreeRTOS_Blink.dir/C_/VSARM/sdk/pico/pico-sdk/lib/tinyusb/src/device/usbd.c.obj
 *fill*         0x1000a0a3        0x1 
 .rodata.__func__.5
                0x1000a0a4        0xf CMakeFiles/FreeRTOS_Blink.dir/C_/VSARM/sdk/pico/pico-sdk/lib/tinyusb/src/device/usbd.c.obj
 *fill*         0x1000a0b3        0x1 
 .rodata.__func__.6
                0x1000a0b4       0x14 CMakeFiles/FreeRTOS_Blink.dir/C_/VSARM/sdk/pico/pico-sdk/lib/tinyusb/src/device/usbd.c.obj
 .rodata.__func__.7
                0x1000a0c8        0xc CMakeFiles/FreeRTOS_Blink.dir/C_/VSARM/sdk/pico/pico-sdk/lib/tinyusb/src/device/usbd.c.obj
 .rodata.__func__.8